10:04:58 **** Build of project freeRTOS_Audio_OLED_XADC_bsp ****
make -k all 
"Running Make include in ps7_cortexa9_0/libsrc/coresightps_dcc_v1_2/src"
make -C ps7_cortexa9_0/libsrc/coresightps_dcc_v1_2/src -s include  "SHELL=CMD" "COMPILER=arm-xilinx-eabi-gcc" "ARCHIVER=arm-xilinx-eabi-ar" "COMPILER_FLAGS=  -O2 -c" "EXTRA_COMPILER_FLAGS=-g"
"Running Make include in ps7_cortexa9_0/libsrc/cpu_cortexa9_v2_1/src"
make -C ps7_cortexa9_0/libsrc/cpu_cortexa9_v2_1/src -s include  "SHELL=CMD" "COMPILER=arm-xilinx-eabi-gcc" "ARCHIVER=arm-xilinx-eabi-ar" "COMPILER_FLAGS=  -O2 -c" "EXTRA_COMPILER_FLAGS=-g"
"Running Make include in ps7_cortexa9_0/libsrc/ddrps_v1_0/src"
make -C ps7_cortexa9_0/libsrc/ddrps_v1_0/src -s include  "SHELL=CMD" "COMPILER=arm-xilinx-eabi-gcc" "ARCHIVER=arm-xilinx-eabi-ar" "COMPILER_FLAGS=  -O2 -c" "EXTRA_COMPILER_FLAGS=-g"
"Running Make include in ps7_cortexa9_0/libsrc/devcfg_v3_3/src"
make -C ps7_cortexa9_0/libsrc/devcfg_v3_3/src -s include  "SHELL=CMD" "COMPILER=arm-xilinx-eabi-gcc" "ARCHIVER=arm-xilinx-eabi-ar" "COMPILER_FLAGS=  -O2 -c" "EXTRA_COMPILER_FLAGS=-g"
"Running Make include in ps7_cortexa9_0/libsrc/dmaps_v2_1/src"
make -C ps7_cortexa9_0/libsrc/dmaps_v2_1/src -s include  "SHELL=CMD" "COMPILER=arm-xilinx-eabi-gcc" "ARCHIVER=arm-xilinx-eabi-ar" "COMPILER_FLAGS=  -O2 -c" "EXTRA_COMPILER_FLAGS=-g"
"Running Make include in ps7_cortexa9_0/libsrc/emacps_v3_1/src"
make -C ps7_cortexa9_0/libsrc/emacps_v3_1/src -s include  "SHELL=CMD" "COMPILER=arm-xilinx-eabi-gcc" "ARCHIVER=arm-xilinx-eabi-ar" "COMPILER_FLAGS=  -O2 -c" "EXTRA_COMPILER_FLAGS=-g"
"Running Make include in ps7_cortexa9_0/libsrc/freertos823_xilinx_v1_0/src"
make -C ps7_cortexa9_0/libsrc/freertos823_xilinx_v1_0/src -s include  "SHELL=CMD" "COMPILER=arm-xilinx-eabi-gcc" "ARCHIVER=arm-xilinx-eabi-ar" "COMPILER_FLAGS=  -O2 -c" "EXTRA_COMPILER_FLAGS=-g"
"include"
"Running Make include in ps7_cortexa9_0/libsrc/gpiops_v3_1/src"
make -C ps7_cortexa9_0/libsrc/gpiops_v3_1/src -s include  "SHELL=CMD" "COMPILER=arm-xilinx-eabi-gcc" "ARCHIVER=arm-xilinx-eabi-ar" "COMPILER_FLAGS=  -O2 -c" "EXTRA_COMPILER_FLAGS=-g"
"Running Make include in ps7_cortexa9_0/libsrc/iicps_v3_0/src"
make -C ps7_cortexa9_0/libsrc/iicps_v3_0/src -s include  "SHELL=CMD" "COMPILER=arm-xilinx-eabi-gcc" "ARCHIVER=arm-xilinx-eabi-ar" "COMPILER_FLAGS=  -O2 -c" "EXTRA_COMPILER_FLAGS=-g"
"Running Make include in ps7_cortexa9_0/libsrc/qspips_v3_2/src"
make -C ps7_cortexa9_0/libsrc/qspips_v3_2/src -s include  "SHELL=CMD" "COMPILER=arm-xilinx-eabi-gcc" "ARCHIVER=arm-xilinx-eabi-ar" "COMPILER_FLAGS=  -O2 -c" "EXTRA_COMPILER_FLAGS=-g"
"Running Make include in ps7_cortexa9_0/libsrc/scugic_v3_1/src"
make -C ps7_cortexa9_0/libsrc/scugic_v3_1/src -s include  "SHELL=CMD" "COMPILER=arm-xilinx-eabi-gcc" "ARCHIVER=arm-xilinx-eabi-ar" "COMPILER_FLAGS=  -O2 -c" "EXTRA_COMPILER_FLAGS=-g"
"Running Make include in ps7_cortexa9_0/libsrc/scutimer_v2_1/src"
make -C ps7_cortexa9_0/libsrc/scutimer_v2_1/src -s include  "SHELL=CMD" "COMPILER=arm-xilinx-eabi-gcc" "ARCHIVER=arm-xilinx-eabi-ar" "COMPILER_FLAGS=  -O2 -c" "EXTRA_COMPILER_FLAGS=-g"
"Running Make include in ps7_cortexa9_0/libsrc/scuwdt_v2_1/src"
make -C ps7_cortexa9_0/libsrc/scuwdt_v2_1/src -s include  "SHELL=CMD" "COMPILER=arm-xilinx-eabi-gcc" "ARCHIVER=arm-xilinx-eabi-ar" "COMPILER_FLAGS=  -O2 -c" "EXTRA_COMPILER_FLAGS=-g"
"Running Make include in ps7_cortexa9_0/libsrc/sdps_v2_6/src"
make -C ps7_cortexa9_0/libsrc/sdps_v2_6/src -s include  "SHELL=CMD" "COMPILER=arm-xilinx-eabi-gcc" "ARCHIVER=arm-xilinx-eabi-ar" "COMPILER_FLAGS=  -O2 -c" "EXTRA_COMPILER_FLAGS=-g"
"Running Make include in ps7_cortexa9_0/libsrc/spips_v3_0/src"
make -C ps7_cortexa9_0/libsrc/spips_v3_0/src -s include  "SHELL=CMD" "COMPILER=arm-xilinx-eabi-gcc" "ARCHIVER=arm-xilinx-eabi-ar" "COMPILER_FLAGS=  -O2 -c" "EXTRA_COMPILER_FLAGS=-g"
"Running Make include in ps7_cortexa9_0/libsrc/sysmon_v7_1/src"
make -C ps7_cortexa9_0/libsrc/sysmon_v7_1/src -s include  "SHELL=CMD" "COMPILER=arm-xilinx-eabi-gcc" "ARCHIVER=arm-xilinx-eabi-ar" "COMPILER_FLAGS=  -O2 -c" "EXTRA_COMPILER_FLAGS=-g"
"Running Make include in ps7_cortexa9_0/libsrc/ttcps_v3_0/src"
make -C ps7_cortexa9_0/libsrc/ttcps_v3_0/src -s include  "SHELL=CMD" "COMPILER=arm-xilinx-eabi-gcc" "ARCHIVER=arm-xilinx-eabi-ar" "COMPILER_FLAGS=  -O2 -c" "EXTRA_COMPILER_FLAGS=-g"
"Running Make include in ps7_cortexa9_0/libsrc/uartps_v3_1/src"
make -C ps7_cortexa9_0/libsrc/uartps_v3_1/src -s include  "SHELL=CMD" "COMPILER=arm-xilinx-eabi-gcc" "ARCHIVER=arm-xilinx-eabi-ar" "COMPILER_FLAGS=  -O2 -c" "EXTRA_COMPILER_FLAGS=-g"
"Running Make include in ps7_cortexa9_0/libsrc/usbps_v2_2/src"
make -C ps7_cortexa9_0/libsrc/usbps_v2_2/src -s include  "SHELL=CMD" "COMPILER=arm-xilinx-eabi-gcc" "ARCHIVER=arm-xilinx-eabi-ar" "COMPILER_FLAGS=  -O2 -c" "EXTRA_COMPILER_FLAGS=-g"
"Running Make include in ps7_cortexa9_0/libsrc/xadcps_v2_2/src"
make -C ps7_cortexa9_0/libsrc/xadcps_v2_2/src -s include  "SHELL=CMD" "COMPILER=arm-xilinx-eabi-gcc" "ARCHIVER=arm-xilinx-eabi-ar" "COMPILER_FLAGS=  -O2 -c" "EXTRA_COMPILER_FLAGS=-g"
"Running Make include in ps7_cortexa9_0/libsrc/ZedboardOLED_v1_0/src"
make -C ps7_cortexa9_0/libsrc/ZedboardOLED_v1_0/src -s include  "SHELL=CMD" "COMPILER=arm-xilinx-eabi-gcc" "ARCHIVER=arm-xilinx-eabi-ar" "COMPILER_FLAGS=  -O2 -c" "EXTRA_COMPILER_FLAGS=-g"
"Running Make libs in ps7_cortexa9_0/libsrc/coresightps_dcc_v1_2/src"
make -C ps7_cortexa9_0/libsrc/coresightps_dcc_v1_2/src -s libs  "SHELL=CMD" "COMPILER=arm-xilinx-eabi-gcc" "ARCHIVER=arm-xilinx-eabi-ar" "COMPILER_FLAGS=  -O2 -c" "EXTRA_COMPILER_FLAGS=-g"
"Compiling coresightps_dcc"
arm-xilinx-eabi-ar: creating ../../../lib/libxil.a
"Running Make libs in ps7_cortexa9_0/libsrc/cpu_cortexa9_v2_1/src"
make -C ps7_cortexa9_0/libsrc/cpu_cortexa9_v2_1/src -s libs  "SHELL=CMD" "COMPILER=arm-xilinx-eabi-gcc" "ARCHIVER=arm-xilinx-eabi-ar" "COMPILER_FLAGS=  -O2 -c" "EXTRA_COMPILER_FLAGS=-g"
"Compiling cpu_cortexa9"
"Running Make libs in ps7_cortexa9_0/libsrc/ddrps_v1_0/src"
make -C ps7_cortexa9_0/libsrc/ddrps_v1_0/src -s libs  "SHELL=CMD" "COMPILER=arm-xilinx-eabi-gcc" "ARCHIVER=arm-xilinx-eabi-ar" "COMPILER_FLAGS=  -O2 -c" "EXTRA_COMPILER_FLAGS=-g"
"Compiling ddrps"
"Running Make libs in ps7_cortexa9_0/libsrc/devcfg_v3_3/src"
make -C ps7_cortexa9_0/libsrc/devcfg_v3_3/src -s libs  "SHELL=CMD" "COMPILER=arm-xilinx-eabi-gcc" "ARCHIVER=arm-xilinx-eabi-ar" "COMPILER_FLAGS=  -O2 -c" "EXTRA_COMPILER_FLAGS=-g"
"Compiling devcfg"
"Running Make libs in ps7_cortexa9_0/libsrc/dmaps_v2_1/src"
make -C ps7_cortexa9_0/libsrc/dmaps_v2_1/src -s libs  "SHELL=CMD" "COMPILER=arm-xilinx-eabi-gcc" "ARCHIVER=arm-xilinx-eabi-ar" "COMPILER_FLAGS=  -O2 -c" "EXTRA_COMPILER_FLAGS=-g"
"Compiling dmaps"
"Running Make libs in ps7_cortexa9_0/libsrc/emacps_v3_1/src"
make -C ps7_cortexa9_0/libsrc/emacps_v3_1/src -s libs  "SHELL=CMD" "COMPILER=arm-xilinx-eabi-gcc" "ARCHIVER=arm-xilinx-eabi-ar" "COMPILER_FLAGS=  -O2 -c" "EXTRA_COMPILER_FLAGS=-g"
"Compiling emacps"
"Running Make libs in ps7_cortexa9_0/libsrc/freertos823_xilinx_v1_0/src"
make -C ps7_cortexa9_0/libsrc/freertos823_xilinx_v1_0/src -s libs  "SHELL=CMD" "COMPILER=arm-xilinx-eabi-gcc" "ARCHIVER=arm-xilinx-eabi-ar" "COMPILER_FLAGS=  -O2 -c" "EXTRA_COMPILER_FLAGS=-g"
"Compiling standalone"
"Compiling FreeRTOS"
arm-xilinx-eabi-ar: creating ../../../lib/libfreertos.a
"Running Make libs in ps7_cortexa9_0/libsrc/gpiops_v3_1/src"
make -C ps7_cortexa9_0/libsrc/gpiops_v3_1/src -s libs  "SHELL=CMD" "COMPILER=arm-xilinx-eabi-gcc" "ARCHIVER=arm-xilinx-eabi-ar" "COMPILER_FLAGS=  -O2 -c" "EXTRA_COMPILER_FLAGS=-g"
"Compiling gpiops"
"Running Make libs in ps7_cortexa9_0/libsrc/iicps_v3_0/src"
make -C ps7_cortexa9_0/libsrc/iicps_v3_0/src -s libs  "SHELL=CMD" "COMPILER=arm-xilinx-eabi-gcc" "ARCHIVER=arm-xilinx-eabi-ar" "COMPILER_FLAGS=  -O2 -c" "EXTRA_COMPILER_FLAGS=-g"
"Compiling iicps"
"Running Make libs in ps7_cortexa9_0/libsrc/qspips_v3_2/src"
make -C ps7_cortexa9_0/libsrc/qspips_v3_2/src -s libs  "SHELL=CMD" "COMPILER=arm-xilinx-eabi-gcc" "ARCHIVER=arm-xilinx-eabi-ar" "COMPILER_FLAGS=  -O2 -c" "EXTRA_COMPILER_FLAGS=-g"
"Compiling qspips"
"Running Make libs in ps7_cortexa9_0/libsrc/scugic_v3_1/src"
make -C ps7_cortexa9_0/libsrc/scugic_v3_1/src -s libs  "SHELL=CMD" "COMPILER=arm-xilinx-eabi-gcc" "ARCHIVER=arm-xilinx-eabi-ar" "COMPILER_FLAGS=  -O2 -c" "EXTRA_COMPILER_FLAGS=-g"
"Compiling scugic"
"Running Make libs in ps7_cortexa9_0/libsrc/scutimer_v2_1/src"
make -C ps7_cortexa9_0/libsrc/scutimer_v2_1/src -s libs  "SHELL=CMD" "COMPILER=arm-xilinx-eabi-gcc" "ARCHIVER=arm-xilinx-eabi-ar" "COMPILER_FLAGS=  -O2 -c" "EXTRA_COMPILER_FLAGS=-g"
"Compiling scutimer"
"Running Make libs in ps7_cortexa9_0/libsrc/scuwdt_v2_1/src"
make -C ps7_cortexa9_0/libsrc/scuwdt_v2_1/src -s libs  "SHELL=CMD" "COMPILER=arm-xilinx-eabi-gcc" "ARCHIVER=arm-xilinx-eabi-ar" "COMPILER_FLAGS=  -O2 -c" "EXTRA_COMPILER_FLAGS=-g"
"Compiling scuwdt"
"Running Make libs in ps7_cortexa9_0/libsrc/sdps_v2_6/src"
make -C ps7_cortexa9_0/libsrc/sdps_v2_6/src -s libs  "SHELL=CMD" "COMPILER=arm-xilinx-eabi-gcc" "ARCHIVER=arm-xilinx-eabi-ar" "COMPILER_FLAGS=  -O2 -c" "EXTRA_COMPILER_FLAGS=-g"
"Compiling sdps"
"Running Make libs in ps7_cortexa9_0/libsrc/spips_v3_0/src"
make -C ps7_cortexa9_0/libsrc/spips_v3_0/src -s libs  "SHELL=CMD" "COMPILER=arm-xilinx-eabi-gcc" "ARCHIVER=arm-xilinx-eabi-ar" "COMPILER_FLAGS=  -O2 -c" "EXTRA_COMPILER_FLAGS=-g"
"Compiling spips"
"Running Make libs in ps7_cortexa9_0/libsrc/sysmon_v7_1/src"
make -C ps7_cortexa9_0/libsrc/sysmon_v7_1/src -s libs  "SHELL=CMD" "COMPILER=arm-xilinx-eabi-gcc" "ARCHIVER=arm-xilinx-eabi-ar" "COMPILER_FLAGS=  -O2 -c" "EXTRA_COMPILER_FLAGS=-g"
"Compiling sysmon"
"Running Make libs in ps7_cortexa9_0/libsrc/ttcps_v3_0/src"
make -C ps7_cortexa9_0/libsrc/ttcps_v3_0/src -s libs  "SHELL=CMD" "COMPILER=arm-xilinx-eabi-gcc" "ARCHIVER=arm-xilinx-eabi-ar" "COMPILER_FLAGS=  -O2 -c" "EXTRA_COMPILER_FLAGS=-g"
"Compiling ttcps"
"Running Make libs in ps7_cortexa9_0/libsrc/uartps_v3_1/src"
make -C ps7_cortexa9_0/libsrc/uartps_v3_1/src -s libs  "SHELL=CMD" "COMPILER=arm-xilinx-eabi-gcc" "ARCHIVER=arm-xilinx-eabi-ar" "COMPILER_FLAGS=  -O2 -c" "EXTRA_COMPILER_FLAGS=-g"
"Compiling uartps"
"Running Make libs in ps7_cortexa9_0/libsrc/usbps_v2_2/src"
make -C ps7_cortexa9_0/libsrc/usbps_v2_2/src -s libs  "SHELL=CMD" "COMPILER=arm-xilinx-eabi-gcc" "ARCHIVER=arm-xilinx-eabi-ar" "COMPILER_FLAGS=  -O2 -c" "EXTRA_COMPILER_FLAGS=-g"
"Compiling usbps"
"Running Make libs in ps7_cortexa9_0/libsrc/xadcps_v2_2/src"
make -C ps7_cortexa9_0/libsrc/xadcps_v2_2/src -s libs  "SHELL=CMD" "COMPILER=arm-xilinx-eabi-gcc" "ARCHIVER=arm-xilinx-eabi-ar" "COMPILER_FLAGS=  -O2 -c" "EXTRA_COMPILER_FLAGS=-g"
"Compiling xadcps"
"Running Make libs in ps7_cortexa9_0/libsrc/ZedboardOLED_v1_0/src"
make -C ps7_cortexa9_0/libsrc/ZedboardOLED_v1_0/src -s libs  "SHELL=CMD" "COMPILER=arm-xilinx-eabi-gcc" "ARCHIVER=arm-xilinx-eabi-ar" "COMPILER_FLAGS=  -O2 -c" "EXTRA_COMPILER_FLAGS=-g"
"Compiling ZedboardOLED..."
'Finished building libraries'

**** Build of configuration Debug for project freeRTOS_Audio_OLED_XADC ****

Nothing to build for project freeRTOS_Audio_OLED_XADC
10:09:45 **** Auto Build of project freeRTOS_Audio_OLED_XADC_bsp ****
make -k all 
"Running Make include in ps7_cortexa9_0/libsrc/coresightps_dcc_v1_2/src"
make -C ps7_cortexa9_0/libsrc/coresightps_dcc_v1_2/src -s include  "SHELL=CMD" "COMPILER=arm-xilinx-eabi-gcc" "ARCHIVER=arm-xilinx-eabi-ar" "COMPILER_FLAGS=  -O2 -c" "EXTRA_COMPILER_FLAGS=-g"
"Running Make include in ps7_cortexa9_0/libsrc/cpu_cortexa9_v2_1/src"
make -C ps7_cortexa9_0/libsrc/cpu_cortexa9_v2_1/src -s include  "SHELL=CMD" "COMPILER=arm-xilinx-eabi-gcc" "ARCHIVER=arm-xilinx-eabi-ar" "COMPILER_FLAGS=  -O2 -c" "EXTRA_COMPILER_FLAGS=-g"
"Running Make include in ps7_cortexa9_0/libsrc/ddrps_v1_0/src"
make -C ps7_cortexa9_0/libsrc/ddrps_v1_0/src -s include  "SHELL=CMD" "COMPILER=arm-xilinx-eabi-gcc" "ARCHIVER=arm-xilinx-eabi-ar" "COMPILER_FLAGS=  -O2 -c" "EXTRA_COMPILER_FLAGS=-g"
"Running Make include in ps7_cortexa9_0/libsrc/devcfg_v3_3/src"
make -C ps7_cortexa9_0/libsrc/devcfg_v3_3/src -s include  "SHELL=CMD" "COMPILER=arm-xilinx-eabi-gcc" "ARCHIVER=arm-xilinx-eabi-ar" "COMPILER_FLAGS=  -O2 -c" "EXTRA_COMPILER_FLAGS=-g"
"Running Make include in ps7_cortexa9_0/libsrc/dmaps_v2_1/src"
make -C ps7_cortexa9_0/libsrc/dmaps_v2_1/src -s include  "SHELL=CMD" "COMPILER=arm-xilinx-eabi-gcc" "ARCHIVER=arm-xilinx-eabi-ar" "COMPILER_FLAGS=  -O2 -c" "EXTRA_COMPILER_FLAGS=-g"
"Running Make include in ps7_cortexa9_0/libsrc/emacps_v3_1/src"
make -C ps7_cortexa9_0/libsrc/emacps_v3_1/src -s include  "SHELL=CMD" "COMPILER=arm-xilinx-eabi-gcc" "ARCHIVER=arm-xilinx-eabi-ar" "COMPILER_FLAGS=  -O2 -c" "EXTRA_COMPILER_FLAGS=-g"
"Running Make include in ps7_cortexa9_0/libsrc/freertos823_xilinx_v1_0/src"
make -C ps7_cortexa9_0/libsrc/freertos823_xilinx_v1_0/src -s include  "SHELL=CMD" "COMPILER=arm-xilinx-eabi-gcc" "ARCHIVER=arm-xilinx-eabi-ar" "COMPILER_FLAGS=  -O2 -c" "EXTRA_COMPILER_FLAGS=-g"
"include"
"Running Make include in ps7_cortexa9_0/libsrc/gpiops_v3_1/src"
make -C ps7_cortexa9_0/libsrc/gpiops_v3_1/src -s include  "SHELL=CMD" "COMPILER=arm-xilinx-eabi-gcc" "ARCHIVER=arm-xilinx-eabi-ar" "COMPILER_FLAGS=  -O2 -c" "EXTRA_COMPILER_FLAGS=-g"
"Running Make include in ps7_cortexa9_0/libsrc/iicps_v3_0/src"
make -C ps7_cortexa9_0/libsrc/iicps_v3_0/src -s include  "SHELL=CMD" "COMPILER=arm-xilinx-eabi-gcc" "ARCHIVER=arm-xilinx-eabi-ar" "COMPILER_FLAGS=  -O2 -c" "EXTRA_COMPILER_FLAGS=-g"
"Running Make include in ps7_cortexa9_0/libsrc/llfifo_v4_0/src"
make -C ps7_cortexa9_0/libsrc/llfifo_v4_0/src -s include  "SHELL=CMD" "COMPILER=arm-xilinx-eabi-gcc" "ARCHIVER=arm-xilinx-eabi-ar" "COMPILER_FLAGS=  -O2 -c" "EXTRA_COMPILER_FLAGS=-g"
"Running Make include in ps7_cortexa9_0/libsrc/qspips_v3_2/src"
make -C ps7_cortexa9_0/libsrc/qspips_v3_2/src -s include  "SHELL=CMD" "COMPILER=arm-xilinx-eabi-gcc" "ARCHIVER=arm-xilinx-eabi-ar" "COMPILER_FLAGS=  -O2 -c" "EXTRA_COMPILER_FLAGS=-g"
"Running Make include in ps7_cortexa9_0/libsrc/scugic_v3_1/src"
make -C ps7_cortexa9_0/libsrc/scugic_v3_1/src -s include  "SHELL=CMD" "COMPILER=arm-xilinx-eabi-gcc" "ARCHIVER=arm-xilinx-eabi-ar" "COMPILER_FLAGS=  -O2 -c" "EXTRA_COMPILER_FLAGS=-g"
"Running Make include in ps7_cortexa9_0/libsrc/scutimer_v2_1/src"
make -C ps7_cortexa9_0/libsrc/scutimer_v2_1/src -s include  "SHELL=CMD" "COMPILER=arm-xilinx-eabi-gcc" "ARCHIVER=arm-xilinx-eabi-ar" "COMPILER_FLAGS=  -O2 -c" "EXTRA_COMPILER_FLAGS=-g"
"Running Make include in ps7_cortexa9_0/libsrc/scuwdt_v2_1/src"
make -C ps7_cortexa9_0/libsrc/scuwdt_v2_1/src -s include  "SHELL=CMD" "COMPILER=arm-xilinx-eabi-gcc" "ARCHIVER=arm-xilinx-eabi-ar" "COMPILER_FLAGS=  -O2 -c" "EXTRA_COMPILER_FLAGS=-g"
"Running Make include in ps7_cortexa9_0/libsrc/sdps_v2_6/src"
make -C ps7_cortexa9_0/libsrc/sdps_v2_6/src -s include  "SHELL=CMD" "COMPILER=arm-xilinx-eabi-gcc" "ARCHIVER=arm-xilinx-eabi-ar" "COMPILER_FLAGS=  -O2 -c" "EXTRA_COMPILER_FLAGS=-g"
"Running Make include in ps7_cortexa9_0/libsrc/spips_v3_0/src"
make -C ps7_cortexa9_0/libsrc/spips_v3_0/src -s include  "SHELL=CMD" "COMPILER=arm-xilinx-eabi-gcc" "ARCHIVER=arm-xilinx-eabi-ar" "COMPILER_FLAGS=  -O2 -c" "EXTRA_COMPILER_FLAGS=-g"
"Running Make include in ps7_cortexa9_0/libsrc/sysmon_v7_1/src"
make -C ps7_cortexa9_0/libsrc/sysmon_v7_1/src -s include  "SHELL=CMD" "COMPILER=arm-xilinx-eabi-gcc" "ARCHIVER=arm-xilinx-eabi-ar" "COMPILER_FLAGS=  -O2 -c" "EXTRA_COMPILER_FLAGS=-g"
"Running Make include in ps7_cortexa9_0/libsrc/ttcps_v3_0/src"
make -C ps7_cortexa9_0/libsrc/ttcps_v3_0/src -s include  "SHELL=CMD" "COMPILER=arm-xilinx-eabi-gcc" "ARCHIVER=arm-xilinx-eabi-ar" "COMPILER_FLAGS=  -O2 -c" "EXTRA_COMPILER_FLAGS=-g"
"Running Make include in ps7_cortexa9_0/libsrc/uartps_v3_1/src"
make -C ps7_cortexa9_0/libsrc/uartps_v3_1/src -s include  "SHELL=CMD" "COMPILER=arm-xilinx-eabi-gcc" "ARCHIVER=arm-xilinx-eabi-ar" "COMPILER_FLAGS=  -O2 -c" "EXTRA_COMPILER_FLAGS=-g"
"Running Make include in ps7_cortexa9_0/libsrc/usbps_v2_2/src"
make -C ps7_cortexa9_0/libsrc/usbps_v2_2/src -s include  "SHELL=CMD" "COMPILER=arm-xilinx-eabi-gcc" "ARCHIVER=arm-xilinx-eabi-ar" "COMPILER_FLAGS=  -O2 -c" "EXTRA_COMPILER_FLAGS=-g"
"Running Make include in ps7_cortexa9_0/libsrc/xadcps_v2_2/src"
make -C ps7_cortexa9_0/libsrc/xadcps_v2_2/src -s include  "SHELL=CMD" "COMPILER=arm-xilinx-eabi-gcc" "ARCHIVER=arm-xilinx-eabi-ar" "COMPILER_FLAGS=  -O2 -c" "EXTRA_COMPILER_FLAGS=-g"
"Running Make include in ps7_cortexa9_0/libsrc/ZedboardOLED_v1_0/src"
make -C ps7_cortexa9_0/libsrc/ZedboardOLED_v1_0/src -s include  "SHELL=CMD" "COMPILER=arm-xilinx-eabi-gcc" "ARCHIVER=arm-xilinx-eabi-ar" "COMPILER_FLAGS=  -O2 -c" "EXTRA_COMPILER_FLAGS=-g"
"Running Make libs in ps7_cortexa9_0/libsrc/coresightps_dcc_v1_2/src"
make -C ps7_cortexa9_0/libsrc/coresightps_dcc_v1_2/src -s libs  "SHELL=CMD" "COMPILER=arm-xilinx-eabi-gcc" "ARCHIVER=arm-xilinx-eabi-ar" "COMPILER_FLAGS=  -O2 -c" "EXTRA_COMPILER_FLAGS=-g"
"Compiling coresightps_dcc"
"Running Make libs in ps7_cortexa9_0/libsrc/cpu_cortexa9_v2_1/src"
make -C ps7_cortexa9_0/libsrc/cpu_cortexa9_v2_1/src -s libs  "SHELL=CMD" "COMPILER=arm-xilinx-eabi-gcc" "ARCHIVER=arm-xilinx-eabi-ar" "COMPILER_FLAGS=  -O2 -c" "EXTRA_COMPILER_FLAGS=-g"
"Compiling cpu_cortexa9"
"Running Make libs in ps7_cortexa9_0/libsrc/ddrps_v1_0/src"
make -C ps7_cortexa9_0/libsrc/ddrps_v1_0/src -s libs  "SHELL=CMD" "COMPILER=arm-xilinx-eabi-gcc" "ARCHIVER=arm-xilinx-eabi-ar" "COMPILER_FLAGS=  -O2 -c" "EXTRA_COMPILER_FLAGS=-g"
"Compiling ddrps"
"Running Make libs in ps7_cortexa9_0/libsrc/devcfg_v3_3/src"
make -C ps7_cortexa9_0/libsrc/devcfg_v3_3/src -s libs  "SHELL=CMD" "COMPILER=arm-xilinx-eabi-gcc" "ARCHIVER=arm-xilinx-eabi-ar" "COMPILER_FLAGS=  -O2 -c" "EXTRA_COMPILER_FLAGS=-g"
"Compiling devcfg"
"Running Make libs in ps7_cortexa9_0/libsrc/dmaps_v2_1/src"
make -C ps7_cortexa9_0/libsrc/dmaps_v2_1/src -s libs  "SHELL=CMD" "COMPILER=arm-xilinx-eabi-gcc" "ARCHIVER=arm-xilinx-eabi-ar" "COMPILER_FLAGS=  -O2 -c" "EXTRA_COMPILER_FLAGS=-g"
"Compiling dmaps"
"Running Make libs in ps7_cortexa9_0/libsrc/emacps_v3_1/src"
make -C ps7_cortexa9_0/libsrc/emacps_v3_1/src -s libs  "SHELL=CMD" "COMPILER=arm-xilinx-eabi-gcc" "ARCHIVER=arm-xilinx-eabi-ar" "COMPILER_FLAGS=  -O2 -c" "EXTRA_COMPILER_FLAGS=-g"
"Compiling emacps"
"Running Make libs in ps7_cortexa9_0/libsrc/freertos823_xilinx_v1_0/src"
make -C ps7_cortexa9_0/libsrc/freertos823_xilinx_v1_0/src -s libs  "SHELL=CMD" "COMPILER=arm-xilinx-eabi-gcc" "ARCHIVER=arm-xilinx-eabi-ar" "COMPILER_FLAGS=  -O2 -c" "EXTRA_COMPILER_FLAGS=-g"
"Compiling standalone"
"Compiling FreeRTOS"
"Running Make libs in ps7_cortexa9_0/libsrc/gpiops_v3_1/src"
make -C ps7_cortexa9_0/libsrc/gpiops_v3_1/src -s libs  "SHELL=CMD" "COMPILER=arm-xilinx-eabi-gcc" "ARCHIVER=arm-xilinx-eabi-ar" "COMPILER_FLAGS=  -O2 -c" "EXTRA_COMPILER_FLAGS=-g"
"Compiling gpiops"
"Running Make libs in ps7_cortexa9_0/libsrc/iicps_v3_0/src"
make -C ps7_cortexa9_0/libsrc/iicps_v3_0/src -s libs  "SHELL=CMD" "COMPILER=arm-xilinx-eabi-gcc" "ARCHIVER=arm-xilinx-eabi-ar" "COMPILER_FLAGS=  -O2 -c" "EXTRA_COMPILER_FLAGS=-g"
"Compiling iicps"
"Running Make libs in ps7_cortexa9_0/libsrc/llfifo_v4_0/src"
make -C ps7_cortexa9_0/libsrc/llfifo_v4_0/src -s libs  "SHELL=CMD" "COMPILER=arm-xilinx-eabi-gcc" "ARCHIVER=arm-xilinx-eabi-ar" "COMPILER_FLAGS=  -O2 -c" "EXTRA_COMPILER_FLAGS=-g"
"Compiling llfifo"
"Running Make libs in ps7_cortexa9_0/libsrc/qspips_v3_2/src"
make -C ps7_cortexa9_0/libsrc/qspips_v3_2/src -s libs  "SHELL=CMD" "COMPILER=arm-xilinx-eabi-gcc" "ARCHIVER=arm-xilinx-eabi-ar" "COMPILER_FLAGS=  -O2 -c" "EXTRA_COMPILER_FLAGS=-g"
"Compiling qspips"
"Running Make libs in ps7_cortexa9_0/libsrc/scugic_v3_1/src"
make -C ps7_cortexa9_0/libsrc/scugic_v3_1/src -s libs  "SHELL=CMD" "COMPILER=arm-xilinx-eabi-gcc" "ARCHIVER=arm-xilinx-eabi-ar" "COMPILER_FLAGS=  -O2 -c" "EXTRA_COMPILER_FLAGS=-g"
"Compiling scugic"
"Running Make libs in ps7_cortexa9_0/libsrc/scutimer_v2_1/src"
make -C ps7_cortexa9_0/libsrc/scutimer_v2_1/src -s libs  "SHELL=CMD" "COMPILER=arm-xilinx-eabi-gcc" "ARCHIVER=arm-xilinx-eabi-ar" "COMPILER_FLAGS=  -O2 -c" "EXTRA_COMPILER_FLAGS=-g"
"Compiling scutimer"
"Running Make libs in ps7_cortexa9_0/libsrc/scuwdt_v2_1/src"
make -C ps7_cortexa9_0/libsrc/scuwdt_v2_1/src -s libs  "SHELL=CMD" "COMPILER=arm-xilinx-eabi-gcc" "ARCHIVER=arm-xilinx-eabi-ar" "COMPILER_FLAGS=  -O2 -c" "EXTRA_COMPILER_FLAGS=-g"
"Compiling scuwdt"
"Running Make libs in ps7_cortexa9_0/libsrc/sdps_v2_6/src"
make -C ps7_cortexa9_0/libsrc/sdps_v2_6/src -s libs  "SHELL=CMD" "COMPILER=arm-xilinx-eabi-gcc" "ARCHIVER=arm-xilinx-eabi-ar" "COMPILER_FLAGS=  -O2 -c" "EXTRA_COMPILER_FLAGS=-g"
"Compiling sdps"
"Running Make libs in ps7_cortexa9_0/libsrc/spips_v3_0/src"
make -C ps7_cortexa9_0/libsrc/spips_v3_0/src -s libs  "SHELL=CMD" "COMPILER=arm-xilinx-eabi-gcc" "ARCHIVER=arm-xilinx-eabi-ar" "COMPILER_FLAGS=  -O2 -c" "EXTRA_COMPILER_FLAGS=-g"
"Compiling spips"
"Running Make libs in ps7_cortexa9_0/libsrc/sysmon_v7_1/src"
make -C ps7_cortexa9_0/libsrc/sysmon_v7_1/src -s libs  "SHELL=CMD" "COMPILER=arm-xilinx-eabi-gcc" "ARCHIVER=arm-xilinx-eabi-ar" "COMPILER_FLAGS=  -O2 -c" "EXTRA_COMPILER_FLAGS=-g"
"Compiling sysmon"
"Running Make libs in ps7_cortexa9_0/libsrc/ttcps_v3_0/src"
make -C ps7_cortexa9_0/libsrc/ttcps_v3_0/src -s libs  "SHELL=CMD" "COMPILER=arm-xilinx-eabi-gcc" "ARCHIVER=arm-xilinx-eabi-ar" "COMPILER_FLAGS=  -O2 -c" "EXTRA_COMPILER_FLAGS=-g"
"Compiling ttcps"
"Running Make libs in ps7_cortexa9_0/libsrc/uartps_v3_1/src"
make -C ps7_cortexa9_0/libsrc/uartps_v3_1/src -s libs  "SHELL=CMD" "COMPILER=arm-xilinx-eabi-gcc" "ARCHIVER=arm-xilinx-eabi-ar" "COMPILER_FLAGS=  -O2 -c" "EXTRA_COMPILER_FLAGS=-g"
"Compiling uartps"
"Running Make libs in ps7_cortexa9_0/libsrc/usbps_v2_2/src"
make -C ps7_cortexa9_0/libsrc/usbps_v2_2/src -s libs  "SHELL=CMD" "COMPILER=arm-xilinx-eabi-gcc" "ARCHIVER=arm-xilinx-eabi-ar" "COMPILER_FLAGS=  -O2 -c" "EXTRA_COMPILER_FLAGS=-g"
"Compiling usbps"
"Running Make libs in ps7_cortexa9_0/libsrc/xadcps_v2_2/src"
make -C ps7_cortexa9_0/libsrc/xadcps_v2_2/src -s libs  "SHELL=CMD" "COMPILER=arm-xilinx-eabi-gcc" "ARCHIVER=arm-xilinx-eabi-ar" "COMPILER_FLAGS=  -O2 -c" "EXTRA_COMPILER_FLAGS=-g"
"Compiling xadcps"
"Running Make libs in ps7_cortexa9_0/libsrc/ZedboardOLED_v1_0/src"
make -C ps7_cortexa9_0/libsrc/ZedboardOLED_v1_0/src -s libs  "SHELL=CMD" "COMPILER=arm-xilinx-eabi-gcc" "ARCHIVER=arm-xilinx-eabi-ar" "COMPILER_FLAGS=  -O2 -c" "EXTRA_COMPILER_FLAGS=-g"
"Compiling ZedboardOLED..."
'Finished building libraries'

**** Build of configuration Debug for project freeRTOS_Audio_OLED_XADC ****

Nothing to build for project freeRTOS_Audio_OLED_XADC
10:11:00 **** Auto Build of configuration Debug for project freeRTOS_Audio_OLED_XADC ****
make all 
'Building file: ../src/adau1761.c'
'Invoking: ARM gcc compiler'
arm-xilinx-eabi-gcc -Wall -O0 -g3 -c -fmessage-length=0 -MT"src/adau1761.o" -I../../freeRTOS_Audio_OLED_XADC_bsp/ps7_cortexa9_0/include -MMD -MP -MF"src/adau1761.d" -MT"src/adau1761.d" -o "src/adau1761.o" "../src/adau1761.c"
In file included from ../src/zedboard_freertos.h:16:0,
                 from ../src/bufferPool_d.h:23,
                 from ../src/audioRxTx.h:20,
                 from ../src/adau1761.c:1:
../../freeRTOS_Audio_OLED_XADC_bsp/ps7_cortexa9_0/include/xbasic_types.h:115:2: warning: #warning The xbasics_type.h file is deprecated and users should use xil_types.h and xil_assert. [-Wcpp]
 #warning  The xbasics_type.h file is deprecated and users should use xil_types.h and xil_assert.
  ^
../../freeRTOS_Audio_OLED_XADC_bsp/ps7_cortexa9_0/include/xbasic_types.h:116:2: warning: #warning Please refer the Standalone BSP UG647 for further details [-Wcpp]
 #warning  Please refer the Standalone BSP UG647 for further details
  ^
'Finished building: ../src/adau1761.c'
' '
'Building file: ../src/audioPlayer.c'
'Invoking: ARM gcc compiler'
arm-xilinx-eabi-gcc -Wall -O0 -g3 -c -fmessage-length=0 -MT"src/audioPlayer.o" -I../../freeRTOS_Audio_OLED_XADC_bsp/ps7_cortexa9_0/include -MMD -MP -MF"src/audioPlayer.d" -MT"src/audioPlayer.d" -o "src/audioPlayer.o" "../src/audioPlayer.c"
In file included from ../src/zedboard_freertos.h:16:0,
                 from ../src/bufferPool_d.h:23,
                 from ../src/audioPlayer.h:21,
                 from ../src/audioPlayer.c:19:
../../freeRTOS_Audio_OLED_XADC_bsp/ps7_cortexa9_0/include/xbasic_types.h:115:2: warning: #warning The xbasics_type.h file is deprecated and users should use xil_types.h and xil_assert. [-Wcpp]
 #warning  The xbasics_type.h file is deprecated and users should use xil_types.h and xil_assert.
  ^
../../freeRTOS_Audio_OLED_XADC_bsp/ps7_cortexa9_0/include/xbasic_types.h:116:2: warning: #warning Please refer the Standalone BSP UG647 for further details [-Wcpp]
 #warning  Please refer the Standalone BSP UG647 for further details
  ^
../src/audioPlayer.c: In function 'audioPlayer_init':
../src/audioPlayer.c:58:2: warning: implicit declaration of function 'Adau1761_Init' [-Wimplicit-function-declaration]
  Adau1761_Init(&pThis->codec);
  ^
In file included from ../src/zedboard_freertos.h:2:0,
                 from ../src/bufferPool_d.h:23,
                 from ../src/audioPlayer.h:21,
                 from ../src/audioPlayer.c:19:
../src/audioPlayer.c: In function 'audioPlayer_start':
../../freeRTOS_Audio_OLED_XADC_bsp/ps7_cortexa9_0/include/task.h:345:134: warning: pointer targets in passing argument 2 of 'xTaskGenericCreate' differ in signedness [-Wpointer-sign]
 #define xTaskCreate( pvTaskCode, pcName, usStackDepth, pvParameters, uxPriority, pxCreatedTask ) xTaskGenericCreate( ( pvTaskCode ), ( pcName ), ( usStackDepth ), ( pvParameters ), ( uxPriority ), ( pxCreatedTask ), ( NULL ), ( NULL ) )
                                                                                                                                      ^
../src/audioPlayer.c:86:2: note: in expansion of macro 'xTaskCreate'
  xTaskCreate( audioPlayer_task, ( signed char * ) "HW", configMINIMAL_STACK_SIZE, pThis, tskIDLE_PRIORITY + 1 , NULL );
  ^
../../freeRTOS_Audio_OLED_XADC_bsp/ps7_cortexa9_0/include/task.h:1986:12: note: expected 'const char * const' but argument is of type 'signed char *'
 BaseType_t xTaskGenericCreate( TaskFunction_t pxTaskCode, const char * const pcName, const uint16_t usStackDepth, void * const pvParameters, UBaseType_t uxPriority, TaskHandle_t * const pxCreatedTask, StackType_t * const puxStackBuffer, const MemoryRegion_t * const xRegions ) PRIVILEGED_FUNCTION; /*lint !e971 Unqualified char types are allowed for strings and single characters only. */
            ^
../src/audioPlayer.c: In function 'audioPlayer_task':
../src/audioPlayer.c:99:2: warning: implicit declaration of function 'print_message' [-Wimplicit-function-declaration]
  print_message("Hello world",2);
  ^
'Finished building: ../src/audioPlayer.c'
' '
'Building file: ../src/audioRxTx.c'
'Invoking: ARM gcc compiler'
arm-xilinx-eabi-gcc -Wall -O0 -g3 -c -fmessage-length=0 -MT"src/audioRxTx.o" -I../../freeRTOS_Audio_OLED_XADC_bsp/ps7_cortexa9_0/include -MMD -MP -MF"src/audioRxTx.d" -MT"src/audioRxTx.d" -o "src/audioRxTx.o" "../src/audioRxTx.c"
In file included from ../src/zedboard_freertos.h:16:0,
                 from ../src/bufferPool_d.h:23,
                 from ../src/audioRxTx.h:20,
                 from ../src/audioRxTx.c:18:
../../freeRTOS_Audio_OLED_XADC_bsp/ps7_cortexa9_0/include/xbasic_types.h:115:2: warning: #warning The xbasics_type.h file is deprecated and users should use xil_types.h and xil_assert. [-Wcpp]
 #warning  The xbasics_type.h file is deprecated and users should use xil_types.h and xil_assert.
  ^
../../freeRTOS_Audio_OLED_XADC_bsp/ps7_cortexa9_0/include/xbasic_types.h:116:2: warning: #warning Please refer the Standalone BSP UG647 for further details [-Wcpp]
 #warning  Please refer the Standalone BSP UG647 for further details
  ^
../src/audioRxTx.c: In function 'audioRxTx_start':
../src/audioRxTx.c:50:2: warning: implicit declaration of function 'prvGetInterruptControllerInstance' [-Wimplicit-function-declaration]
  pGic = prvGetInterruptControllerInstance(); // retrieve pointer to initialized instance
  ^
../src/audioRxTx.c:50:7: warning: assignment makes pointer from integer without a cast
  pGic = prvGetInterruptControllerInstance(); // retrieve pointer to initialized instance
       ^
'Finished building: ../src/audioRxTx.c'
' '
'Building file: ../src/audioSample.c'
'Invoking: ARM gcc compiler'
arm-xilinx-eabi-gcc -Wall -O0 -g3 -c -fmessage-length=0 -MT"src/audioSample.o" -I../../freeRTOS_Audio_OLED_XADC_bsp/ps7_cortexa9_0/include -MMD -MP -MF"src/audioSample.d" -MT"src/audioSample.d" -o "src/audioSample.o" "../src/audioSample.c"
../src/audioSample.c: In function 'audioSample_init':
../src/audioSample.c:31:17: warning: assignment from incompatible pointer type
   pThis->pmem   = snd_samples;
                 ^
'Finished building: ../src/audioSample.c'
' '
'Building file: ../src/bufferPool_d.c'
'Invoking: ARM gcc compiler'
arm-xilinx-eabi-gcc -Wall -O0 -g3 -c -fmessage-length=0 -MT"src/bufferPool_d.o" -I../../freeRTOS_Audio_OLED_XADC_bsp/ps7_cortexa9_0/include -MMD -MP -MF"src/bufferPool_d.d" -MT"src/bufferPool_d.d" -o "src/bufferPool_d.o" "../src/bufferPool_d.c"
In file included from ../src/zedboard_freertos.h:16:0,
                 from ../src/bufferPool_d.h:23,
                 from ../src/bufferPool_d.c:17:
../../freeRTOS_Audio_OLED_XADC_bsp/ps7_cortexa9_0/include/xbasic_types.h:115:2: warning: #warning The xbasics_type.h file is deprecated and users should use xil_types.h and xil_assert. [-Wcpp]
 #warning  The xbasics_type.h file is deprecated and users should use xil_types.h and xil_assert.
  ^
../../freeRTOS_Audio_OLED_XADC_bsp/ps7_cortexa9_0/include/xbasic_types.h:116:2: warning: #warning Please refer the Standalone BSP UG647 for further details [-Wcpp]
 #warning  Please refer the Standalone BSP UG647 for further details
  ^
In file included from ../src/zedboard_freertos.h:3:0,
                 from ../src/bufferPool_d.h:23,
                 from ../src/bufferPool_d.c:17:
../src/bufferPool_d.c: In function 'bufferPool_d_init':
../../freeRTOS_Audio_OLED_XADC_bsp/ps7_cortexa9_0/include/queue.h:421:109: warning: passing argument 3 of 'xQueueGenericSend' makes integer from pointer without a cast
 #define xQueueSend( xQueue, pvItemToQueue, xTicksToWait ) xQueueGenericSend( ( xQueue ), ( pvItemToQueue ), ( xTicksToWait ), queueSEND_TO_BACK )
                                                                                                             ^
../src/bufferPool_d.c:64:6: note: in expansion of macro 'xQueueSend'
   if(xQueueSend( pThis->freeList, &pChunk, NULL ) != pdPASS) {
      ^
../../freeRTOS_Audio_OLED_XADC_bsp/ps7_cortexa9_0/include/queue.h:592:12: note: expected 'TickType_t' but argument is of type 'void *'
 BaseType_t xQueueGenericSend( QueueHandle_t xQueue, const void * const pvItemToQueue, TickType_t xTicksToWait, const BaseType_t xCopyPosition ) PRIVILEGED_FUNCTION;
            ^
../src/bufferPool_d.c: In function 'bufferPool_d_release_from_ISR':
../../freeRTOS_Audio_OLED_XADC_bsp/ps7_cortexa9_0/include/queue.h:1261:136: warning: passing argument 3 of 'xQueueGenericSendFromISR' makes pointer from integer without a cast
 #define xQueueSendFromISR( xQueue, pvItemToQueue, pxHigherPriorityTaskWoken ) xQueueGenericSendFromISR( ( xQueue ), ( pvItemToQueue ), ( pxHigherPriorityTaskWoken ), queueSEND_TO_BACK )
                                                                                                                                        ^
../src/bufferPool_d.c:161:5: note: in expansion of macro 'xQueueSendFromISR'
  if(xQueueSendFromISR( pThis->freeList, &pChunk, ( TickType_t ) 10 ) != pdPASS) {
     ^
../../freeRTOS_Audio_OLED_XADC_bsp/ps7_cortexa9_0/include/queue.h:1340:12: note: expected 'BaseType_t * const' but argument is of type 'long unsigned int'
 BaseType_t xQueueGenericSendFromISR( QueueHandle_t xQueue, const void * const pvItemToQueue, BaseType_t * const pxHigherPriorityTaskWoken, const BaseType_t xCopyPosition ) PRIVILEGED_FUNCTION;
            ^
'Finished building: ../src/bufferPool_d.c'
' '
'Building file: ../src/chunk_d.c'
'Invoking: ARM gcc compiler'
arm-xilinx-eabi-gcc -Wall -O0 -g3 -c -fmessage-length=0 -MT"src/chunk_d.o" -I../../freeRTOS_Audio_OLED_XADC_bsp/ps7_cortexa9_0/include -MMD -MP -MF"src/chunk_d.d" -MT"src/chunk_d.d" -o "src/chunk_d.o" "../src/chunk_d.c"
'Finished building: ../src/chunk_d.c'
' '
'Building file: ../src/main.c'
'Invoking: ARM gcc compiler'
arm-xilinx-eabi-gcc -Wall -O0 -g3 -c -fmessage-length=0 -MT"src/main.o" -I../../freeRTOS_Audio_OLED_XADC_bsp/ps7_cortexa9_0/include -MMD -MP -MF"src/main.d" -MT"src/main.d" -o "src/main.o" "../src/main.c"
In file included from ../src/zedboard_freertos.h:16:0,
                 from ../src/bufferPool_d.h:23,
                 from ../src/audioPlayer.h:21,
                 from ../src/main.c:23:
../../freeRTOS_Audio_OLED_XADC_bsp/ps7_cortexa9_0/include/xbasic_types.h:115:2: warning: #warning The xbasics_type.h file is deprecated and users should use xil_types.h and xil_assert. [-Wcpp]
 #warning  The xbasics_type.h file is deprecated and users should use xil_types.h and xil_assert.
  ^
../../freeRTOS_Audio_OLED_XADC_bsp/ps7_cortexa9_0/include/xbasic_types.h:116:2: warning: #warning Please refer the Standalone BSP UG647 for further details [-Wcpp]
 #warning  Please refer the Standalone BSP UG647 for further details
  ^
../src/main.c: In function 'main':
../src/main.c:51:5: warning: implicit declaration of function 'print_message' [-Wimplicit-function-declaration]
     print_message("Surya",0);
     ^
'Finished building: ../src/main.c'
' '
'Building file: ../src/snd_sample.c'
'Invoking: ARM gcc compiler'
arm-xilinx-eabi-gcc -Wall -O0 -g3 -c -fmessage-length=0 -MT"src/snd_sample.o" -I../../freeRTOS_Audio_OLED_XADC_bsp/ps7_cortexa9_0/include -MMD -MP -MF"src/snd_sample.d" -MT"src/snd_sample.d" -o "src/snd_sample.o" "../src/snd_sample.c"
'Finished building: ../src/snd_sample.c'
' '
'Building target: freeRTOS_Audio_OLED_XADC.elf'
'Invoking: ARM gcc linker'
arm-xilinx-eabi-gcc -Wl,-T -Wl,../src/lscript.ld -L../../freeRTOS_Audio_OLED_XADC_bsp/ps7_cortexa9_0/lib -o "freeRTOS_Audio_OLED_XADC.elf"  ./src/adau1761.o ./src/audioPlayer.o ./src/audioRxTx.o ./src/audioSample.o ./src/bufferPool_d.o ./src/chunk_d.o ./src/main.o ./src/snd_sample.o   -Wl,--start-group,-lxil,-lfreertos,-lgcc,-lc,--end-group
'Finished building target: freeRTOS_Audio_OLED_XADC.elf'
' '
'Invoking: ARM Print Size'
arm-xilinx-eabi-size freeRTOS_Audio_OLED_XADC.elf  |tee "freeRTOS_Audio_OLED_XADC.elf.size"
   text	   data	    bss	    dec	    hex	filename
 107548	1148900	  89180	1345628	 14885c	freeRTOS_Audio_OLED_XADC.elf
'Finished building: freeRTOS_Audio_OLED_XADC.elf.size'
' '
10:11:08 **** Incremental Build of configuration Debug for project freeRTOS_Audio_OLED_XADC ****
make all 
make: Nothing to be done for `all'.
10:11:47 **** Auto Build of configuration Debug for project freeRTOS_Audio_OLED_XADC ****
make all 
'Building file: ../src/main.c'
'Invoking: ARM gcc compiler'
arm-xilinx-eabi-gcc -Wall -O0 -g3 -c -fmessage-length=0 -MT"src/main.o" -I../../freeRTOS_Audio_OLED_XADC_bsp/ps7_cortexa9_0/include -MMD -MP -MF"src/main.d" -MT"src/main.d" -o "src/main.o" "../src/main.c"
In file included from ../src/zedboard_freertos.h:16:0,
                 from ../src/bufferPool_d.h:23,
                 from ../src/audioPlayer.h:21,
                 from ../src/main.c:23:
../../freeRTOS_Audio_OLED_XADC_bsp/ps7_cortexa9_0/include/xbasic_types.h:115:2: warning: #warning The xbasics_type.h file is deprecated and users should use xil_types.h and xil_assert. [-Wcpp]
 #warning  The xbasics_type.h file is deprecated and users should use xil_types.h and xil_assert.
  ^
../../freeRTOS_Audio_OLED_XADC_bsp/ps7_cortexa9_0/include/xbasic_types.h:116:2: warning: #warning Please refer the Standalone BSP UG647 for further details [-Wcpp]
 #warning  Please refer the Standalone BSP UG647 for further details
  ^
../src/main.c: In function 'main':
../src/main.c:51:5: warning: implicit declaration of function 'print_message' [-Wimplicit-function-declaration]
     print_message("Surya",0);
     ^
'Finished building: ../src/main.c'
' '
'Building target: freeRTOS_Audio_OLED_XADC.elf'
'Invoking: ARM gcc linker'
arm-xilinx-eabi-gcc -Wl,-T -Wl,../src/lscript.ld -L../../freeRTOS_Audio_OLED_XADC_bsp/ps7_cortexa9_0/lib -o "freeRTOS_Audio_OLED_XADC.elf"  ./src/adau1761.o ./src/audioPlayer.o ./src/audioRxTx.o ./src/audioSample.o ./src/bufferPool_d.o ./src/chunk_d.o ./src/main.o ./src/snd_sample.o   -Wl,--start-group,-lxil,-lfreertos,-lgcc,-lc,--end-group
'Finished building target: freeRTOS_Audio_OLED_XADC.elf'
' '
'Invoking: ARM Print Size'
arm-xilinx-eabi-size freeRTOS_Audio_OLED_XADC.elf  |tee "freeRTOS_Audio_OLED_XADC.elf.size"
   text	   data	    bss	    dec	    hex	filename
 107524	1148900	  89180	1345604	 148844	freeRTOS_Audio_OLED_XADC.elf
'Finished building: freeRTOS_Audio_OLED_XADC.elf.size'
' '
10:12:03 **** Auto Build of configuration Debug for project freeRTOS_Audio_OLED_XADC ****
make all 
'Building file: ../src/main.c'
'Invoking: ARM gcc compiler'
arm-xilinx-eabi-gcc -Wall -O0 -g3 -c -fmessage-length=0 -MT"src/main.o" -I../../freeRTOS_Audio_OLED_XADC_bsp/ps7_cortexa9_0/include -MMD -MP -MF"src/main.d" -MT"src/main.d" -o "src/main.o" "../src/main.c"
In file included from ../src/zedboard_freertos.h:16:0,
                 from ../src/bufferPool_d.h:23,
                 from ../src/audioPlayer.h:21,
                 from ../src/main.c:23:
../../freeRTOS_Audio_OLED_XADC_bsp/ps7_cortexa9_0/include/xbasic_types.h:115:2: warning: #warning The xbasics_type.h file is deprecated and users should use xil_types.h and xil_assert. [-Wcpp]
 #warning  The xbasics_type.h file is deprecated and users should use xil_types.h and xil_assert.
  ^
../../freeRTOS_Audio_OLED_XADC_bsp/ps7_cortexa9_0/include/xbasic_types.h:116:2: warning: #warning Please refer the Standalone BSP UG647 for further details [-Wcpp]
 #warning  Please refer the Standalone BSP UG647 for further details
  ^
../src/main.c: In function 'main':
../src/main.c:51:5: warning: implicit declaration of function 'print_message' [-Wimplicit-function-declaration]
     print_message("Surya",0);
     ^
'Finished building: ../src/main.c'
' '
'Building target: freeRTOS_Audio_OLED_XADC.elf'
'Invoking: ARM gcc linker'
arm-xilinx-eabi-gcc -Wl,-T -Wl,../src/lscript.ld -L../../freeRTOS_Audio_OLED_XADC_bsp/ps7_cortexa9_0/lib -o "freeRTOS_Audio_OLED_XADC.elf"  ./src/adau1761.o ./src/audioPlayer.o ./src/audioRxTx.o ./src/audioSample.o ./src/bufferPool_d.o ./src/chunk_d.o ./src/main.o ./src/snd_sample.o   -Wl,--start-group,-lxil,-lfreertos,-lgcc,-lc,--end-group
'Finished building target: freeRTOS_Audio_OLED_XADC.elf'
' '
'Invoking: ARM Print Size'
arm-xilinx-eabi-size freeRTOS_Audio_OLED_XADC.elf  |tee "freeRTOS_Audio_OLED_XADC.elf.size"
   text	   data	    bss	    dec	    hex	filename
 107516	1148900	  89180	1345596	 14883c	freeRTOS_Audio_OLED_XADC.elf
'Finished building: freeRTOS_Audio_OLED_XADC.elf.size'
' '
10:13:37 **** Incremental Build of configuration Debug for project freeRTOS_Audio_OLED_XADC ****
make all 
make: Nothing to be done for `all'.
10:14:34 **** Incremental Build of configuration Debug for project freeRTOS_Audio_OLED_XADC ****
make all 
make: Nothing to be done for `all'.
10:16:19 **** Incremental Build of configuration Debug for project freeRTOS_Audio_OLED_XADC ****
make all 
make: Nothing to be done for `all'.
10:16:40 **** Build of configuration Debug for project freeRTOS_Audio_OLED_XADC_bsp_xsysmon_polled_printf_example_1 ****
make all 
'Building file: ../src/xsysmon_polled_printf_example.c'
'Invoking: ARM gcc compiler'
arm-xilinx-eabi-gcc -Wall -O0 -g3 -c -fmessage-length=0 -MT"src/xsysmon_polled_printf_example.o" -I../../freeRTOS_Audio_OLED_XADC_bsp/ps7_cortexa9_0/include -MMD -MP -MF"src/xsysmon_polled_printf_example.d" -MT"src/xsysmon_polled_printf_example.d" -o "src/xsysmon_polled_printf_example.o" "../src/xsysmon_polled_printf_example.c"
'Finished building: ../src/xsysmon_polled_printf_example.c'
' '
'Building target: freeRTOS_Audio_OLED_XADC_bsp_xsysmon_polled_printf_example_1.elf'
'Invoking: ARM gcc linker'
arm-xilinx-eabi-gcc -Wl,-T -Wl,../src/lscript.ld -L../../freeRTOS_Audio_OLED_XADC_bsp/ps7_cortexa9_0/lib -o "freeRTOS_Audio_OLED_XADC_bsp_xsysmon_polled_printf_example_1.elf"  ./src/xsysmon_polled_printf_example.o   -Wl,--start-group,-lxil,-lfreertos,-lgcc,-lc,--end-group
'Finished building target: freeRTOS_Audio_OLED_XADC_bsp_xsysmon_polled_printf_example_1.elf'
' '
'Invoking: ARM Print Size'
arm-xilinx-eabi-size freeRTOS_Audio_OLED_XADC_bsp_xsysmon_polled_printf_example_1.elf  |tee "freeRTOS_Audio_OLED_XADC_bsp_xsysmon_polled_printf_example_1.elf.size"
   text	   data	    bss	    dec	    hex	filename
  83668	   3120	  88732	 175520	  2ada0	freeRTOS_Audio_OLED_XADC_bsp_xsysmon_polled_printf_example_1.elf
'Finished building: freeRTOS_Audio_OLED_XADC_bsp_xsysmon_polled_printf_example_1.elf.size'
' '
10:16:54 **** Incremental Build of configuration Debug for project freeRTOS_Audio_OLED_XADC ****
make all 
make: Nothing to be done for `all'.
10:16:55 **** Incremental Build of configuration Debug for project freeRTOS_Audio_OLED_XADC_bsp_xsysmon_polled_printf_example_1 ****
make all 
make: Nothing to be done for `all'.
10:17:19 **** Incremental Build of configuration Debug for project freeRTOS_Audio_OLED_XADC ****
make all 
make: Nothing to be done for `all'.
10:17:19 **** Incremental Build of configuration Debug for project freeRTOS_Audio_OLED_XADC_bsp_xsysmon_polled_printf_example_1 ****
make all 
make: Nothing to be done for `all'.
10:17:50 **** Incremental Build of configuration Debug for project freeRTOS_Audio_OLED_XADC ****
make all 
make: Nothing to be done for `all'.
10:17:51 **** Incremental Build of configuration Debug for project freeRTOS_Audio_OLED_XADC_bsp_xsysmon_polled_printf_example_1 ****
make all 
make: Nothing to be done for `all'.
10:18:43 **** Auto Build of configuration Debug for project freeRTOS_Audio_OLED_XADC_bsp_xsysmon_polled_printf_example_1 ****
make all 
'Building file: ../src/xsysmon_polled_printf_example.c'
'Invoking: ARM gcc compiler'
arm-xilinx-eabi-gcc -Wall -O0 -g3 -c -fmessage-length=0 -MT"src/xsysmon_polled_printf_example.o" -I../../freeRTOS_Audio_OLED_XADC_bsp/ps7_cortexa9_0/include -MMD -MP -MF"src/xsysmon_polled_printf_example.d" -MT"src/xsysmon_polled_printf_example.d" -o "src/xsysmon_polled_printf_example.o" "../src/xsysmon_polled_printf_example.c"
'Finished building: ../src/xsysmon_polled_printf_example.c'
' '
'Building target: freeRTOS_Audio_OLED_XADC_bsp_xsysmon_polled_printf_example_1.elf'
'Invoking: ARM gcc linker'
arm-xilinx-eabi-gcc -Wl,-T -Wl,../src/lscript.ld -L../../freeRTOS_Audio_OLED_XADC_bsp/ps7_cortexa9_0/lib -o "freeRTOS_Audio_OLED_XADC_bsp_xsysmon_polled_printf_example_1.elf"  ./src/xsysmon_polled_printf_example.o   -Wl,--start-group,-lxil,-lfreertos,-lgcc,-lc,--end-group
'Finished building target: freeRTOS_Audio_OLED_XADC_bsp_xsysmon_polled_printf_example_1.elf'
' '
'Invoking: ARM Print Size'
arm-xilinx-eabi-size freeRTOS_Audio_OLED_XADC_bsp_xsysmon_polled_printf_example_1.elf  |tee "freeRTOS_Audio_OLED_XADC_bsp_xsysmon_polled_printf_example_1.elf.size"
   text	   data	    bss	    dec	    hex	filename
  83684	   3120	  88732	 175536	  2adb0	freeRTOS_Audio_OLED_XADC_bsp_xsysmon_polled_printf_example_1.elf
'Finished building: freeRTOS_Audio_OLED_XADC_bsp_xsysmon_polled_printf_example_1.elf.size'
' '
10:19:02 **** Incremental Build of configuration Debug for project freeRTOS_Audio_OLED_XADC ****
make all 
make: Nothing to be done for `all'.
10:19:03 **** Incremental Build of configuration Debug for project freeRTOS_Audio_OLED_XADC_bsp_xsysmon_polled_printf_example_1 ****
make all 
make: Nothing to be done for `all'.
10:19:14 **** Incremental Build of configuration Debug for project freeRTOS_Audio_OLED_XADC ****
make all 
make: Nothing to be done for `all'.
10:19:14 **** Incremental Build of configuration Debug for project freeRTOS_Audio_OLED_XADC_bsp_xsysmon_polled_printf_example_1 ****
make all 
make: Nothing to be done for `all'.
10:20:01 **** Incremental Build of configuration Debug for project freeRTOS_Audio_OLED_XADC ****
make all 
make: Nothing to be done for `all'.
10:20:01 **** Incremental Build of configuration Debug for project freeRTOS_Audio_OLED_XADC_bsp_xsysmon_polled_printf_example_1 ****
make all 
make: Nothing to be done for `all'.
12:10:31 **** Build of configuration Debug for project freeRTOS_Audio_OLED_XADC ****
make all 
make: Nothing to be done for `all'.
12:27:40 **** Clean-only build of configuration Debug for project freeRTOS_Audio_Reference_Proj ****
make clean 
rm -rf  ./src/adau1761.o ./src/audioPlayer.o ./src/audioRxTx.o ./src/audioSample.o ./src/bufferPool_d.o ./src/chunk_d.o ./src/main.o ./src/snd_sample.o  ./src/adau1761.d ./src/audioPlayer.d ./src/audioRxTx.d ./src/audioSample.d ./src/bufferPool_d.d ./src/chunk_d.d ./src/main.d ./src/snd_sample.d  freeRTOS_Audio_OLED_XADC.elf.size  freeRTOS_Audio_OLED_XADC.elf
' '
12:27:40 **** Build of configuration Debug for project freeRTOS_Audio_Reference_Proj ****
make all 
'Building file: ../src/adau1761.c'
'Invoking: ARM gcc compiler'
arm-xilinx-eabi-gcc -Wall -O0 -g3 -c -fmessage-length=0 -MT"src/adau1761.o" -I../../freeRTOS_Audio_OLED_XADC_bsp/ps7_cortexa9_0/include -MMD -MP -MF"src/adau1761.d" -MT"src/adau1761.d" -o "src/adau1761.o" "../src/adau1761.c"
In file included from ../src/zedboard_freertos.h:16:0,
                 from ../src/bufferPool_d.h:23,
                 from ../src/audioRxTx.h:20,
                 from ../src/adau1761.c:1:
../../freeRTOS_Audio_OLED_XADC_bsp/ps7_cortexa9_0/include/xbasic_types.h:115:2: warning: #warning The xbasics_type.h file is deprecated and users should use xil_types.h and xil_assert. [-Wcpp]
 #warning  The xbasics_type.h file is deprecated and users should use xil_types.h and xil_assert.
  ^
../../freeRTOS_Audio_OLED_XADC_bsp/ps7_cortexa9_0/include/xbasic_types.h:116:2: warning: #warning Please refer the Standalone BSP UG647 for further details [-Wcpp]
 #warning  Please refer the Standalone BSP UG647 for further details
  ^
'Finished building: ../src/adau1761.c'
' '
'Building file: ../src/audioPlayer.c'
'Invoking: ARM gcc compiler'
arm-xilinx-eabi-gcc -Wall -O0 -g3 -c -fmessage-length=0 -MT"src/audioPlayer.o" -I../../freeRTOS_Audio_OLED_XADC_bsp/ps7_cortexa9_0/include -MMD -MP -MF"src/audioPlayer.d" -MT"src/audioPlayer.d" -o "src/audioPlayer.o" "../src/audioPlayer.c"
In file included from ../src/zedboard_freertos.h:16:0,
                 from ../src/bufferPool_d.h:23,
                 from ../src/audioPlayer.h:21,
                 from ../src/audioPlayer.c:19:
../../freeRTOS_Audio_OLED_XADC_bsp/ps7_cortexa9_0/include/xbasic_types.h:115:2: warning: #warning The xbasics_type.h file is deprecated and users should use xil_types.h and xil_assert. [-Wcpp]
 #warning  The xbasics_type.h file is deprecated and users should use xil_types.h and xil_assert.
  ^
../../freeRTOS_Audio_OLED_XADC_bsp/ps7_cortexa9_0/include/xbasic_types.h:116:2: warning: #warning Please refer the Standalone BSP UG647 for further details [-Wcpp]
 #warning  Please refer the Standalone BSP UG647 for further details
  ^
../src/audioPlayer.c: In function 'audioPlayer_init':
../src/audioPlayer.c:58:2: warning: implicit declaration of function 'Adau1761_Init' [-Wimplicit-function-declaration]
  Adau1761_Init(&pThis->codec);
  ^
In file included from ../src/zedboard_freertos.h:2:0,
                 from ../src/bufferPool_d.h:23,
                 from ../src/audioPlayer.h:21,
                 from ../src/audioPlayer.c:19:
../src/audioPlayer.c: In function 'audioPlayer_start':
../../freeRTOS_Audio_OLED_XADC_bsp/ps7_cortexa9_0/include/task.h:345:134: warning: pointer targets in passing argument 2 of 'xTaskGenericCreate' differ in signedness [-Wpointer-sign]
 #define xTaskCreate( pvTaskCode, pcName, usStackDepth, pvParameters, uxPriority, pxCreatedTask ) xTaskGenericCreate( ( pvTaskCode ), ( pcName ), ( usStackDepth ), ( pvParameters ), ( uxPriority ), ( pxCreatedTask ), ( NULL ), ( NULL ) )
                                                                                                                                      ^
../src/audioPlayer.c:86:2: note: in expansion of macro 'xTaskCreate'
  xTaskCreate( audioPlayer_task, ( signed char * ) "HW", configMINIMAL_STACK_SIZE, pThis, tskIDLE_PRIORITY + 1 , NULL );
  ^
../../freeRTOS_Audio_OLED_XADC_bsp/ps7_cortexa9_0/include/task.h:1986:12: note: expected 'const char * const' but argument is of type 'signed char *'
 BaseType_t xTaskGenericCreate( TaskFunction_t pxTaskCode, const char * const pcName, const uint16_t usStackDepth, void * const pvParameters, UBaseType_t uxPriority, TaskHandle_t * const pxCreatedTask, StackType_t * const puxStackBuffer, const MemoryRegion_t * const xRegions ) PRIVILEGED_FUNCTION; /*lint !e971 Unqualified char types are allowed for strings and single characters only. */
            ^
../src/audioPlayer.c: In function 'audioPlayer_task':
../src/audioPlayer.c:99:2: warning: implicit declaration of function 'print_message' [-Wimplicit-function-declaration]
  print_message("Hello world",2);
  ^
'Finished building: ../src/audioPlayer.c'
' '
'Building file: ../src/audioRxTx.c'
'Invoking: ARM gcc compiler'
arm-xilinx-eabi-gcc -Wall -O0 -g3 -c -fmessage-length=0 -MT"src/audioRxTx.o" -I../../freeRTOS_Audio_OLED_XADC_bsp/ps7_cortexa9_0/include -MMD -MP -MF"src/audioRxTx.d" -MT"src/audioRxTx.d" -o "src/audioRxTx.o" "../src/audioRxTx.c"
In file included from ../src/zedboard_freertos.h:16:0,
                 from ../src/bufferPool_d.h:23,
                 from ../src/audioRxTx.h:20,
                 from ../src/audioRxTx.c:18:
../../freeRTOS_Audio_OLED_XADC_bsp/ps7_cortexa9_0/include/xbasic_types.h:115:2: warning: #warning The xbasics_type.h file is deprecated and users should use xil_types.h and xil_assert. [-Wcpp]
 #warning  The xbasics_type.h file is deprecated and users should use xil_types.h and xil_assert.
  ^
../../freeRTOS_Audio_OLED_XADC_bsp/ps7_cortexa9_0/include/xbasic_types.h:116:2: warning: #warning Please refer the Standalone BSP UG647 for further details [-Wcpp]
 #warning  Please refer the Standalone BSP UG647 for further details
  ^
../src/audioRxTx.c: In function 'audioRxTx_start':
../src/audioRxTx.c:50:2: warning: implicit declaration of function 'prvGetInterruptControllerInstance' [-Wimplicit-function-declaration]
  pGic = prvGetInterruptControllerInstance(); // retrieve pointer to initialized instance
  ^
../src/audioRxTx.c:50:7: warning: assignment makes pointer from integer without a cast
  pGic = prvGetInterruptControllerInstance(); // retrieve pointer to initialized instance
       ^
'Finished building: ../src/audioRxTx.c'
' '
'Building file: ../src/audioSample.c'
'Invoking: ARM gcc compiler'
arm-xilinx-eabi-gcc -Wall -O0 -g3 -c -fmessage-length=0 -MT"src/audioSample.o" -I../../freeRTOS_Audio_OLED_XADC_bsp/ps7_cortexa9_0/include -MMD -MP -MF"src/audioSample.d" -MT"src/audioSample.d" -o "src/audioSample.o" "../src/audioSample.c"
../src/audioSample.c: In function 'audioSample_init':
../src/audioSample.c:31:17: warning: assignment from incompatible pointer type
   pThis->pmem   = snd_samples;
                 ^
'Finished building: ../src/audioSample.c'
' '
'Building file: ../src/bufferPool_d.c'
'Invoking: ARM gcc compiler'
arm-xilinx-eabi-gcc -Wall -O0 -g3 -c -fmessage-length=0 -MT"src/bufferPool_d.o" -I../../freeRTOS_Audio_OLED_XADC_bsp/ps7_cortexa9_0/include -MMD -MP -MF"src/bufferPool_d.d" -MT"src/bufferPool_d.d" -o "src/bufferPool_d.o" "../src/bufferPool_d.c"
In file included from ../src/zedboard_freertos.h:16:0,
                 from ../src/bufferPool_d.h:23,
                 from ../src/bufferPool_d.c:17:
../../freeRTOS_Audio_OLED_XADC_bsp/ps7_cortexa9_0/include/xbasic_types.h:115:2: warning: #warning The xbasics_type.h file is deprecated and users should use xil_types.h and xil_assert. [-Wcpp]
 #warning  The xbasics_type.h file is deprecated and users should use xil_types.h and xil_assert.
  ^
../../freeRTOS_Audio_OLED_XADC_bsp/ps7_cortexa9_0/include/xbasic_types.h:116:2: warning: #warning Please refer the Standalone BSP UG647 for further details [-Wcpp]
 #warning  Please refer the Standalone BSP UG647 for further details
  ^
In file included from ../src/zedboard_freertos.h:3:0,
                 from ../src/bufferPool_d.h:23,
                 from ../src/bufferPool_d.c:17:
../src/bufferPool_d.c: In function 'bufferPool_d_init':
../../freeRTOS_Audio_OLED_XADC_bsp/ps7_cortexa9_0/include/queue.h:421:109: warning: passing argument 3 of 'xQueueGenericSend' makes integer from pointer without a cast
 #define xQueueSend( xQueue, pvItemToQueue, xTicksToWait ) xQueueGenericSend( ( xQueue ), ( pvItemToQueue ), ( xTicksToWait ), queueSEND_TO_BACK )
                                                                                                             ^
../src/bufferPool_d.c:64:6: note: in expansion of macro 'xQueueSend'
   if(xQueueSend( pThis->freeList, &pChunk, NULL ) != pdPASS) {
      ^
../../freeRTOS_Audio_OLED_XADC_bsp/ps7_cortexa9_0/include/queue.h:592:12: note: expected 'TickType_t' but argument is of type 'void *'
 BaseType_t xQueueGenericSend( QueueHandle_t xQueue, const void * const pvItemToQueue, TickType_t xTicksToWait, const BaseType_t xCopyPosition ) PRIVILEGED_FUNCTION;
            ^
../src/bufferPool_d.c: In function 'bufferPool_d_release_from_ISR':
../../freeRTOS_Audio_OLED_XADC_bsp/ps7_cortexa9_0/include/queue.h:1261:136: warning: passing argument 3 of 'xQueueGenericSendFromISR' makes pointer from integer without a cast
 #define xQueueSendFromISR( xQueue, pvItemToQueue, pxHigherPriorityTaskWoken ) xQueueGenericSendFromISR( ( xQueue ), ( pvItemToQueue ), ( pxHigherPriorityTaskWoken ), queueSEND_TO_BACK )
                                                                                                                                        ^
../src/bufferPool_d.c:161:5: note: in expansion of macro 'xQueueSendFromISR'
  if(xQueueSendFromISR( pThis->freeList, &pChunk, ( TickType_t ) 10 ) != pdPASS) {
     ^
../../freeRTOS_Audio_OLED_XADC_bsp/ps7_cortexa9_0/include/queue.h:1340:12: note: expected 'BaseType_t * const' but argument is of type 'long unsigned int'
 BaseType_t xQueueGenericSendFromISR( QueueHandle_t xQueue, const void * const pvItemToQueue, BaseType_t * const pxHigherPriorityTaskWoken, const BaseType_t xCopyPosition ) PRIVILEGED_FUNCTION;
            ^
'Finished building: ../src/bufferPool_d.c'
' '
'Building file: ../src/chunk_d.c'
'Invoking: ARM gcc compiler'
arm-xilinx-eabi-gcc -Wall -O0 -g3 -c -fmessage-length=0 -MT"src/chunk_d.o" -I../../freeRTOS_Audio_OLED_XADC_bsp/ps7_cortexa9_0/include -MMD -MP -MF"src/chunk_d.d" -MT"src/chunk_d.d" -o "src/chunk_d.o" "../src/chunk_d.c"
'Finished building: ../src/chunk_d.c'
' '
'Building file: ../src/main.c'
'Invoking: ARM gcc compiler'
arm-xilinx-eabi-gcc -Wall -O0 -g3 -c -fmessage-length=0 -MT"src/main.o" -I../../freeRTOS_Audio_OLED_XADC_bsp/ps7_cortexa9_0/include -MMD -MP -MF"src/main.d" -MT"src/main.d" -o "src/main.o" "../src/main.c"
In file included from ../src/zedboard_freertos.h:16:0,
                 from ../src/bufferPool_d.h:23,
                 from ../src/audioPlayer.h:21,
                 from ../src/main.c:23:
../../freeRTOS_Audio_OLED_XADC_bsp/ps7_cortexa9_0/include/xbasic_types.h:115:2: warning: #warning The xbasics_type.h file is deprecated and users should use xil_types.h and xil_assert. [-Wcpp]
 #warning  The xbasics_type.h file is deprecated and users should use xil_types.h and xil_assert.
  ^
../../freeRTOS_Audio_OLED_XADC_bsp/ps7_cortexa9_0/include/xbasic_types.h:116:2: warning: #warning Please refer the Standalone BSP UG647 for further details [-Wcpp]
 #warning  Please refer the Standalone BSP UG647 for further details
  ^
../src/main.c: In function 'main':
../src/main.c:51:5: warning: implicit declaration of function 'print_message' [-Wimplicit-function-declaration]
     print_message("Surya",0);
     ^
'Finished building: ../src/main.c'
' '
'Building file: ../src/snd_sample.c'
'Invoking: ARM gcc compiler'
arm-xilinx-eabi-gcc -Wall -O0 -g3 -c -fmessage-length=0 -MT"src/snd_sample.o" -I../../freeRTOS_Audio_OLED_XADC_bsp/ps7_cortexa9_0/include -MMD -MP -MF"src/snd_sample.d" -MT"src/snd_sample.d" -o "src/snd_sample.o" "../src/snd_sample.c"
'Finished building: ../src/snd_sample.c'
' '
'Building target: freeRTOS_Audio_Reference_Proj.elf'
'Invoking: ARM gcc linker'
arm-xilinx-eabi-gcc -Wl,-T -Wl,../src/lscript.ld -L../../freeRTOS_Audio_OLED_XADC_bsp/ps7_cortexa9_0/lib -o "freeRTOS_Audio_Reference_Proj.elf"  ./src/adau1761.o ./src/audioPlayer.o ./src/audioRxTx.o ./src/audioSample.o ./src/bufferPool_d.o ./src/chunk_d.o ./src/main.o ./src/snd_sample.o   -Wl,--start-group,-lxil,-lfreertos,-lgcc,-lc,--end-group
'Finished building target: freeRTOS_Audio_Reference_Proj.elf'
' '
'Invoking: ARM Print Size'
arm-xilinx-eabi-size freeRTOS_Audio_Reference_Proj.elf  |tee "freeRTOS_Audio_Reference_Proj.elf.size"
   text	   data	    bss	    dec	    hex	filename
 107516	1148900	  89180	1345596	 14883c	freeRTOS_Audio_Reference_Proj.elf
'Finished building: freeRTOS_Audio_Reference_Proj.elf.size'
' '

**** Build of configuration Debug for project freeRTOS_OLED_Reference_Proj ****

Nothing to build for project freeRTOS_OLED_Reference_Proj
12:30:34 **** Auto Build of configuration Debug for project freeRTOS_OLED_Reference_Proj ****
make all 
'Building file: ../src/oled.c'
'Invoking: ARM gcc compiler'
arm-xilinx-eabi-gcc -Wall -O0 -g3 -c -fmessage-length=0 -MT"src/oled.o" -I../../freeRTOS_Audio_OLED_XADC_bsp/ps7_cortexa9_0/include -MMD -MP -MF"src/oled.d" -MT"src/oled.d" -o "src/oled.o" "../src/oled.c"
../src/oled.c: In function 'main':
../src/oled.c:9:1: warning: implicit declaration of function 'print_message' [-Wimplicit-function-declaration]
 print_message("Surya",0);
 ^
'Finished building: ../src/oled.c'
' '
'Building target: freeRTOS_OLED_Reference_Proj.elf'
'Invoking: ARM gcc linker'
arm-xilinx-eabi-gcc -Wl,-T -Wl,../src/lscript.ld -L../../freeRTOS_Audio_OLED_XADC_bsp/ps7_cortexa9_0/lib -o "freeRTOS_OLED_Reference_Proj.elf"  ./src/oled.o   -Wl,--start-group,-lxil,-lfreertos,-lgcc,-lc,--end-group
'Finished building target: freeRTOS_OLED_Reference_Proj.elf'
' '
'Invoking: ARM Print Size'
arm-xilinx-eabi-size freeRTOS_OLED_Reference_Proj.elf  |tee "freeRTOS_OLED_Reference_Proj.elf.size"
   text	   data	    bss	    dec	    hex	filename
  75212	   3104	  88956	 167272	  28d68	freeRTOS_OLED_Reference_Proj.elf
'Finished building: freeRTOS_OLED_Reference_Proj.elf.size'
' '
12:31:24 **** Auto Build of configuration Debug for project freeRTOS_OLED_Reference_Proj ****
make all 
'Building file: ../src/oled.c'
'Invoking: ARM gcc compiler'
arm-xilinx-eabi-gcc -Wall -O0 -g3 -c -fmessage-length=0 -MT"src/oled.o" -I../../freeRTOS_Audio_OLED_XADC_bsp/ps7_cortexa9_0/include -MMD -MP -MF"src/oled.d" -MT"src/oled.d" -o "src/oled.o" "../src/oled.c"
../src/oled.c: In function 'main':
../src/oled.c:5:1: warning: implicit declaration of function 'print_message' [-Wimplicit-function-declaration]
 print_message("Hello",0);
 ^
'Finished building: ../src/oled.c'
' '
'Building target: freeRTOS_OLED_Reference_Proj.elf'
'Invoking: ARM gcc linker'
arm-xilinx-eabi-gcc -Wl,-T -Wl,../src/lscript.ld -L../../freeRTOS_Audio_OLED_XADC_bsp/ps7_cortexa9_0/lib -o "freeRTOS_OLED_Reference_Proj.elf"  ./src/oled.o   -Wl,--start-group,-lxil,-lfreertos,-lgcc,-lc,--end-group
'Finished building target: freeRTOS_OLED_Reference_Proj.elf'
' '
'Invoking: ARM Print Size'
arm-xilinx-eabi-size freeRTOS_OLED_Reference_Proj.elf  |tee "freeRTOS_OLED_Reference_Proj.elf.size"
   text	   data	    bss	    dec	    hex	filename
  75212	   3104	  88956	 167272	  28d68	freeRTOS_OLED_Reference_Proj.elf
'Finished building: freeRTOS_OLED_Reference_Proj.elf.size'
' '
12:32:15 **** Auto Build of configuration Debug for project freeRTOS_OLED_Reference_Proj ****
make all 
'Building file: ../src/oled.c'
'Invoking: ARM gcc compiler'
arm-xilinx-eabi-gcc -Wall -O0 -g3 -c -fmessage-length=0 -MT"src/oled.o" -I../../freeRTOS_Audio_OLED_XADC_bsp/ps7_cortexa9_0/include -MMD -MP -MF"src/oled.d" -MT"src/oled.d" -o "src/oled.o" "../src/oled.c"
../src/oled.c: In function 'main':
../src/oled.c:8:1: warning: implicit declaration of function 'print_message' [-Wimplicit-function-declaration]
 print_message("Hello",0);
 ^
'Finished building: ../src/oled.c'
' '
'Building target: freeRTOS_OLED_Reference_Proj.elf'
'Invoking: ARM gcc linker'
arm-xilinx-eabi-gcc -Wl,-T -Wl,../src/lscript.ld -L../../freeRTOS_Audio_OLED_XADC_bsp/ps7_cortexa9_0/lib -o "freeRTOS_OLED_Reference_Proj.elf"  ./src/oled.o   -Wl,--start-group,-lxil,-lfreertos,-lgcc,-lc,--end-group
'Finished building target: freeRTOS_OLED_Reference_Proj.elf'
' '
'Invoking: ARM Print Size'
arm-xilinx-eabi-size freeRTOS_OLED_Reference_Proj.elf  |tee "freeRTOS_OLED_Reference_Proj.elf.size"
   text	   data	    bss	    dec	    hex	filename
  75212	   3104	  88956	 167272	  28d68	freeRTOS_OLED_Reference_Proj.elf
'Finished building: freeRTOS_OLED_Reference_Proj.elf.size'
' '
12:34:17 **** Incremental Build of configuration Debug for project freeRTOS_Audio_Reference_Proj ****
make all 
make: Nothing to be done for `all'.
12:34:17 **** Incremental Build of configuration Debug for project freeRTOS_OLED_Reference_Proj ****
make all 
make: Nothing to be done for `all'.
12:34:30 **** Incremental Build of configuration Debug for project freeRTOS_Audio_Reference_Proj ****
make all 
make: Nothing to be done for `all'.
12:34:30 **** Incremental Build of configuration Debug for project freeRTOS_OLED_Reference_Proj ****
make all 
make: Nothing to be done for `all'.
12:35:32 **** Auto Build of configuration Debug for project freeRTOS_OLED_Reference_Proj ****
make all 
'Building file: ../src/oled.c'
'Invoking: ARM gcc compiler'
arm-xilinx-eabi-gcc -Wall -O0 -g3 -c -fmessage-length=0 -MT"src/oled.o" -I../../freeRTOS_Audio_OLED_XADC_bsp/ps7_cortexa9_0/include -MMD -MP -MF"src/oled.d" -MT"src/oled.d" -o "src/oled.o" "../src/oled.c"
../src/oled.c: In function 'main':
../src/oled.c:8:1: warning: implicit declaration of function 'print_message' [-Wimplicit-function-declaration]
 print_message("Hello",0);
 ^
'Finished building: ../src/oled.c'
' '
'Building target: freeRTOS_OLED_Reference_Proj.elf'
'Invoking: ARM gcc linker'
arm-xilinx-eabi-gcc -Wl,-T -Wl,../src/lscript.ld -L../../freeRTOS_Audio_OLED_XADC_bsp/ps7_cortexa9_0/lib -o "freeRTOS_OLED_Reference_Proj.elf"  ./src/oled.o   -Wl,--start-group,-lxil,-lfreertos,-lgcc,-lc,--end-group
'Finished building target: freeRTOS_OLED_Reference_Proj.elf'
' '
'Invoking: ARM Print Size'
arm-xilinx-eabi-size freeRTOS_OLED_Reference_Proj.elf  |tee "freeRTOS_OLED_Reference_Proj.elf.size"
   text	   data	    bss	    dec	    hex	filename
  75212	   3104	  88956	 167272	  28d68	freeRTOS_OLED_Reference_Proj.elf
'Finished building: freeRTOS_OLED_Reference_Proj.elf.size'
' '

****  of configuration Debug for project freeRTOS_OLED_Reference_Proj ****

Nothing to build for project freeRTOS_OLED_Reference_Proj
20:33:13 **** Auto Build of project freeRTOS_Audio_OLED_XADC_bsp ****
make -k all 
Running Make include in ps7_cortexa9_0/libsrc/ZedboardOLED_v1_0/src
/Applications/Xcode.app/Contents/Developer/usr/bin/make -C ps7_cortexa9_0/libsrc/ZedboardOLED_v1_0/src -s include  "SHELL=/bin/sh" "COMPILER=arm-xilinx-eabi-gcc" "ARCHIVER=arm-xilinx-eabi-ar" "COMPILER_FLAGS=  -O2 -c" "EXTRA_COMPILER_FLAGS=-g"
Running Make include in ps7_cortexa9_0/libsrc/coresightps_dcc_v1_2/src
/Applications/Xcode.app/Contents/Developer/usr/bin/make -C ps7_cortexa9_0/libsrc/coresightps_dcc_v1_2/src -s include  "SHELL=/bin/sh" "COMPILER=arm-xilinx-eabi-gcc" "ARCHIVER=arm-xilinx-eabi-ar" "COMPILER_FLAGS=  -O2 -c" "EXTRA_COMPILER_FLAGS=-g"
Running Make include in ps7_cortexa9_0/libsrc/cpu_cortexa9_v2_1/src
/Applications/Xcode.app/Contents/Developer/usr/bin/make -C ps7_cortexa9_0/libsrc/cpu_cortexa9_v2_1/src -s include  "SHELL=/bin/sh" "COMPILER=arm-xilinx-eabi-gcc" "ARCHIVER=arm-xilinx-eabi-ar" "COMPILER_FLAGS=  -O2 -c" "EXTRA_COMPILER_FLAGS=-g"
Running Make include in ps7_cortexa9_0/libsrc/ddrps_v1_0/src
/Applications/Xcode.app/Contents/Developer/usr/bin/make -C ps7_cortexa9_0/libsrc/ddrps_v1_0/src -s include  "SHELL=/bin/sh" "COMPILER=arm-xilinx-eabi-gcc" "ARCHIVER=arm-xilinx-eabi-ar" "COMPILER_FLAGS=  -O2 -c" "EXTRA_COMPILER_FLAGS=-g"
Running Make include in ps7_cortexa9_0/libsrc/devcfg_v3_3/src
/Applications/Xcode.app/Contents/Developer/usr/bin/make -C ps7_cortexa9_0/libsrc/devcfg_v3_3/src -s include  "SHELL=/bin/sh" "COMPILER=arm-xilinx-eabi-gcc" "ARCHIVER=arm-xilinx-eabi-ar" "COMPILER_FLAGS=  -O2 -c" "EXTRA_COMPILER_FLAGS=-g"
Running Make include in ps7_cortexa9_0/libsrc/dmaps_v2_1/src
/Applications/Xcode.app/Contents/Developer/usr/bin/make -C ps7_cortexa9_0/libsrc/dmaps_v2_1/src -s include  "SHELL=/bin/sh" "COMPILER=arm-xilinx-eabi-gcc" "ARCHIVER=arm-xilinx-eabi-ar" "COMPILER_FLAGS=  -O2 -c" "EXTRA_COMPILER_FLAGS=-g"
Running Make include in ps7_cortexa9_0/libsrc/emacps_v3_1/src
/Applications/Xcode.app/Contents/Developer/usr/bin/make -C ps7_cortexa9_0/libsrc/emacps_v3_1/src -s include  "SHELL=/bin/sh" "COMPILER=arm-xilinx-eabi-gcc" "ARCHIVER=arm-xilinx-eabi-ar" "COMPILER_FLAGS=  -O2 -c" "EXTRA_COMPILER_FLAGS=-g"
Running Make include in ps7_cortexa9_0/libsrc/freertos823_xilinx_v1_0/src
/Applications/Xcode.app/Contents/Developer/usr/bin/make -C ps7_cortexa9_0/libsrc/freertos823_xilinx_v1_0/src -s include  "SHELL=/bin/sh" "COMPILER=arm-xilinx-eabi-gcc" "ARCHIVER=arm-xilinx-eabi-ar" "COMPILER_FLAGS=  -O2 -c" "EXTRA_COMPILER_FLAGS=-g"
include
Running Make include in ps7_cortexa9_0/libsrc/gpiops_v3_1/src
/Applications/Xcode.app/Contents/Developer/usr/bin/make -C ps7_cortexa9_0/libsrc/gpiops_v3_1/src -s include  "SHELL=/bin/sh" "COMPILER=arm-xilinx-eabi-gcc" "ARCHIVER=arm-xilinx-eabi-ar" "COMPILER_FLAGS=  -O2 -c" "EXTRA_COMPILER_FLAGS=-g"
Running Make include in ps7_cortexa9_0/libsrc/iicps_v3_0/src
/Applications/Xcode.app/Contents/Developer/usr/bin/make -C ps7_cortexa9_0/libsrc/iicps_v3_0/src -s include  "SHELL=/bin/sh" "COMPILER=arm-xilinx-eabi-gcc" "ARCHIVER=arm-xilinx-eabi-ar" "COMPILER_FLAGS=  -O2 -c" "EXTRA_COMPILER_FLAGS=-g"
Running Make include in ps7_cortexa9_0/libsrc/llfifo_v4_0/src
/Applications/Xcode.app/Contents/Developer/usr/bin/make -C ps7_cortexa9_0/libsrc/llfifo_v4_0/src -s include  "SHELL=/bin/sh" "COMPILER=arm-xilinx-eabi-gcc" "ARCHIVER=arm-xilinx-eabi-ar" "COMPILER_FLAGS=  -O2 -c" "EXTRA_COMPILER_FLAGS=-g"
Running Make include in ps7_cortexa9_0/libsrc/qspips_v3_2/src
/Applications/Xcode.app/Contents/Developer/usr/bin/make -C ps7_cortexa9_0/libsrc/qspips_v3_2/src -s include  "SHELL=/bin/sh" "COMPILER=arm-xilinx-eabi-gcc" "ARCHIVER=arm-xilinx-eabi-ar" "COMPILER_FLAGS=  -O2 -c" "EXTRA_COMPILER_FLAGS=-g"
Running Make include in ps7_cortexa9_0/libsrc/scugic_v3_1/src
/Applications/Xcode.app/Contents/Developer/usr/bin/make -C ps7_cortexa9_0/libsrc/scugic_v3_1/src -s include  "SHELL=/bin/sh" "COMPILER=arm-xilinx-eabi-gcc" "ARCHIVER=arm-xilinx-eabi-ar" "COMPILER_FLAGS=  -O2 -c" "EXTRA_COMPILER_FLAGS=-g"
Running Make include in ps7_cortexa9_0/libsrc/scutimer_v2_1/src
/Applications/Xcode.app/Contents/Developer/usr/bin/make -C ps7_cortexa9_0/libsrc/scutimer_v2_1/src -s include  "SHELL=/bin/sh" "COMPILER=arm-xilinx-eabi-gcc" "ARCHIVER=arm-xilinx-eabi-ar" "COMPILER_FLAGS=  -O2 -c" "EXTRA_COMPILER_FLAGS=-g"
Running Make include in ps7_cortexa9_0/libsrc/scuwdt_v2_1/src
/Applications/Xcode.app/Contents/Developer/usr/bin/make -C ps7_cortexa9_0/libsrc/scuwdt_v2_1/src -s include  "SHELL=/bin/sh" "COMPILER=arm-xilinx-eabi-gcc" "ARCHIVER=arm-xilinx-eabi-ar" "COMPILER_FLAGS=  -O2 -c" "EXTRA_COMPILER_FLAGS=-g"
Running Make include in ps7_cortexa9_0/libsrc/sdps_v2_6/src
/Applications/Xcode.app/Contents/Developer/usr/bin/make -C ps7_cortexa9_0/libsrc/sdps_v2_6/src -s include  "SHELL=/bin/sh" "COMPILER=arm-xilinx-eabi-gcc" "ARCHIVER=arm-xilinx-eabi-ar" "COMPILER_FLAGS=  -O2 -c" "EXTRA_COMPILER_FLAGS=-g"
Running Make include in ps7_cortexa9_0/libsrc/spips_v3_0/src
/Applications/Xcode.app/Contents/Developer/usr/bin/make -C ps7_cortexa9_0/libsrc/spips_v3_0/src -s include  "SHELL=/bin/sh" "COMPILER=arm-xilinx-eabi-gcc" "ARCHIVER=arm-xilinx-eabi-ar" "COMPILER_FLAGS=  -O2 -c" "EXTRA_COMPILER_FLAGS=-g"
Running Make include in ps7_cortexa9_0/libsrc/sysmon_v7_1/src
/Applications/Xcode.app/Contents/Developer/usr/bin/make -C ps7_cortexa9_0/libsrc/sysmon_v7_1/src -s include  "SHELL=/bin/sh" "COMPILER=arm-xilinx-eabi-gcc" "ARCHIVER=arm-xilinx-eabi-ar" "COMPILER_FLAGS=  -O2 -c" "EXTRA_COMPILER_FLAGS=-g"
Running Make include in ps7_cortexa9_0/libsrc/ttcps_v3_0/src
/Applications/Xcode.app/Contents/Developer/usr/bin/make -C ps7_cortexa9_0/libsrc/ttcps_v3_0/src -s include  "SHELL=/bin/sh" "COMPILER=arm-xilinx-eabi-gcc" "ARCHIVER=arm-xilinx-eabi-ar" "COMPILER_FLAGS=  -O2 -c" "EXTRA_COMPILER_FLAGS=-g"
Running Make include in ps7_cortexa9_0/libsrc/uartps_v3_1/src
/Applications/Xcode.app/Contents/Developer/usr/bin/make -C ps7_cortexa9_0/libsrc/uartps_v3_1/src -s include  "SHELL=/bin/sh" "COMPILER=arm-xilinx-eabi-gcc" "ARCHIVER=arm-xilinx-eabi-ar" "COMPILER_FLAGS=  -O2 -c" "EXTRA_COMPILER_FLAGS=-g"
Running Make include in ps7_cortexa9_0/libsrc/usbps_v2_2/src
/Applications/Xcode.app/Contents/Developer/usr/bin/make -C ps7_cortexa9_0/libsrc/usbps_v2_2/src -s include  "SHELL=/bin/sh" "COMPILER=arm-xilinx-eabi-gcc" "ARCHIVER=arm-xilinx-eabi-ar" "COMPILER_FLAGS=  -O2 -c" "EXTRA_COMPILER_FLAGS=-g"
Running Make include in ps7_cortexa9_0/libsrc/xadcps_v2_2/src
/Applications/Xcode.app/Contents/Developer/usr/bin/make -C ps7_cortexa9_0/libsrc/xadcps_v2_2/src -s include  "SHELL=/bin/sh" "COMPILER=arm-xilinx-eabi-gcc" "ARCHIVER=arm-xilinx-eabi-ar" "COMPILER_FLAGS=  -O2 -c" "EXTRA_COMPILER_FLAGS=-g"
/bin/sh: arm-xilinx-eabi-gcc: command not found
make[1]: *** [libs] Error 127
make: *** [ps7_cortexa9_0/libsrc/ZedboardOLED_v1_0/src/make.libs] Error 2
make[1]: arm-xilinx-eabi-gcc: No such file or directory
make[1]: *** [xcoresightpsdcc.o] Error 1
make[1]: Target `libs' not remade because of errors.
make: *** [ps7_cortexa9_0/libsrc/coresightps_dcc_v1_2/src/make.libs] Error 2
Running Make libs in ps7_cortexa9_0/libsrc/ZedboardOLED_v1_0/src
/Applications/Xcode.app/Contents/Developer/usr/bin/make -C ps7_cortexa9_0/libsrc/ZedboardOLED_v1_0/src -s libs  "SHELL=/bin/sh" "COMPILER=arm-xilinx-eabi-gcc" "ARCHIVER=arm-xilinx-eabi-ar" "COMPILER_FLAGS=  -O2 -c" "EXTRA_COMPILER_FLAGS=-g"
Compiling ZedboardOLED...
Running Make libs in ps7_cortexa9_0/libsrc/coresightps_dcc_v1_2/src
/Applications/Xcode.app/Contents/Developer/usr/bin/make -C ps7_cortexa9_0/libsrc/coresightps_dcc_v1_2/src -s libs  "SHELL=/bin/sh" "COMPILER=arm-xilinx-eabi-gcc" "ARCHIVER=arm-xilinx-eabi-ar" "COMPILER_FLAGS=  -O2 -c" "EXTRA_COMPILER_FLAGS=-g"
Compiling coresightps_dcc
Running Make libs in ps7_cortexa9_0/libsrc/cpu_cortexa9_v2_1/src
/Applications/Xcode.app/Contents/Developer/usr/bin/make -C ps7_cortexa9_0/libsrc/cpu_cortexa9_v2_1/src -s libs  "SHELL=/bin/sh" "COMPILER=arm-xilinx-eabi-gcc" "ARCHIVER=arm-xilinx-eabi-ar" "COMPILER_FLAGS=  -O2 -c" "EXTRA_COMPILER_FLAGS=-g"
make[1]: arm-xilinx-eabi-ar: No such file or directory
make[1]: *** [xddrps_libs] Error 1
Compiling cpu_cortexa9
make[1]: Target `libs' not remade because of errors.
make: *** [ps7_cortexa9_0/libsrc/ddrps_v1_0/src/make.libs] Error 2
Running Make libs in ps7_cortexa9_0/libsrc/ddrps_v1_0/src
/Applications/Xcode.app/Contents/Developer/usr/bin/make -C ps7_cortexa9_0/libsrc/ddrps_v1_0/src -s libs  "SHELL=/bin/sh" "COMPILER=arm-xilinx-eabi-gcc" "ARCHIVER=arm-xilinx-eabi-ar" "COMPILER_FLAGS=  -O2 -c" "EXTRA_COMPILER_FLAGS=-g"
Compiling ddrps
Running Make libs in ps7_cortexa9_0/libsrc/devcfg_v3_3/src
/Applications/Xcode.app/Contents/Developer/usr/bin/make -C ps7_cortexa9_0/libsrc/devcfg_v3_3/src -s libs  "SHELL=/bin/sh" "COMPILER=arm-xilinx-eabi-gcc" "ARCHIVER=arm-xilinx-eabi-ar" "COMPILER_FLAGS=  -O2 -c" "EXTRA_COMPILER_FLAGS=-g"
make[1]: arm-xilinx-eabi-gcc: No such file or directory
Compiling devcfg
make[1]: *** [xdevcfg.o] Error 1
make[1]: arm-xilinx-eabi-gcc: No such file or directory
make[1]: *** [xdevcfg_g.o] Error 1
make[1]: arm-xilinx-eabi-gcc: No such file or directory
make[1]: *** [xdevcfg_hw.o] Error 1
make[1]: arm-xilinx-eabi-gcc: No such file or directory
make[1]: *** [xdevcfg_intr.o] Error 1
make[1]: arm-xilinx-eabi-gcc: No such file or directory
make[1]: *** [xdevcfg_selftest.o] Error 1
make[1]: arm-xilinx-eabi-gcc: No such file or directory
make[1]: *** [xdevcfg_sinit.o] Error 1
make[1]: Target `libs' not remade because of errors.
make: *** [ps7_cortexa9_0/libsrc/devcfg_v3_3/src/make.libs] Error 2
Running Make libs in ps7_cortexa9_0/libsrc/dmaps_v2_1/src
/Applications/Xcode.app/Contents/Developer/usr/bin/make -C ps7_cortexa9_0/libsrc/dmaps_v2_1/src -s libs  "SHELL=/bin/sh" "COMPILER=arm-xilinx-eabi-gcc" "ARCHIVER=arm-xilinx-eabi-ar" "COMPILER_FLAGS=  -O2 -c" "EXTRA_COMPILER_FLAGS=-g"
make[1]: arm-xilinx-eabi-gcc: No such file or directory
make[1]: *** [xdmaps.o] Error 1
make[1]: arm-xilinx-eabi-gcc: No such file or directory
make[1]: *** [xdmaps_g.o] Error 1
Compiling dmaps
make[1]: arm-xilinx-eabi-gcc: No such file or directory
make[1]: *** [xdmaps_hw.o] Error 1
make[1]: arm-xilinx-eabi-gcc: No such file or directory
make[1]: *** [xdmaps_selftest.o] Error 1
make[1]: arm-xilinx-eabi-gcc: No such file or directory
make[1]: *** [xdmaps_sinit.o] Error 1
make[1]: Target `libs' not remade because of errors.
make: *** [ps7_cortexa9_0/libsrc/dmaps_v2_1/src/make.libs] Error 2
Running Make libs in ps7_cortexa9_0/libsrc/emacps_v3_1/src
/Applications/Xcode.app/Contents/Developer/usr/bin/make -C ps7_cortexa9_0/libsrc/emacps_v3_1/src -s libs  "SHELL=/bin/sh" "COMPILER=arm-xilinx-eabi-gcc" "ARCHIVER=arm-xilinx-eabi-ar" "COMPILER_FLAGS=  -O2 -c" "EXTRA_COMPILER_FLAGS=-g"
make[1]: arm-xilinx-eabi-gcc: No such file or directory
make[1]: *** [xemacps.o] Error 1
make[1]: arm-xilinx-eabi-gcc: No such file or directory
make[1]: *** [xemacps_bdring.o] Error 1
Compiling emacps
make[1]: arm-xilinx-eabi-gcc: No such file or directory
make[1]: *** [xemacps_control.o] Error 1
make[1]: arm-xilinx-eabi-gcc: No such file or directory
make[1]: *** [xemacps_g.o] Error 1
make[1]: arm-xilinx-eabi-gcc: No such file or directory
make[1]: *** [xemacps_hw.o] Error 1
make[1]: arm-xilinx-eabi-gcc: No such file or directory
make[1]: *** [xemacps_intr.o] Error 1
make[1]: arm-xilinx-eabi-gcc: No such file or directory
make[1]: *** [xemacps_sinit.o] Error 1
make[1]: Target `libs' not remade because of errors.
make: *** [ps7_cortexa9_0/libsrc/emacps_v3_1/src/make.libs] Error 2
Running Make libs in ps7_cortexa9_0/libsrc/freertos823_xilinx_v1_0/src
/Applications/Xcode.app/Contents/Developer/usr/bin/make -C ps7_cortexa9_0/libsrc/freertos823_xilinx_v1_0/src -s libs  "SHELL=/bin/sh" "COMPILER=arm-xilinx-eabi-gcc" "ARCHIVER=arm-xilinx-eabi-ar" "COMPILER_FLAGS=  -O2 -c" "EXTRA_COMPILER_FLAGS=-g"
Compiling standalone
make[2]: arm-xilinx-eabi-gcc: No such file or directory
make[2]: *** [standalone_libs] Error 1
make[2]: Target `libs' not remade because of errors.
make[1]: *** [libs] Error 2
make: *** [ps7_cortexa9_0/libsrc/freertos823_xilinx_v1_0/src/make.libs] Error 2
Running Make libs in ps7_cortexa9_0/libsrc/gpiops_v3_1/src
/Applications/Xcode.app/Contents/Developer/usr/bin/make -C ps7_cortexa9_0/libsrc/gpiops_v3_1/src -s libs  "SHELL=/bin/sh" "COMPILER=arm-xilinx-eabi-gcc" "ARCHIVER=arm-xilinx-eabi-ar" "COMPILER_FLAGS=  -O2 -c" "EXTRA_COMPILER_FLAGS=-g"
Compiling gpiops
make[1]: arm-xilinx-eabi-gcc: No such file or directory
make[1]: *** [xgpiops.o] Error 1
make[1]: arm-xilinx-eabi-gcc: No such file or directory
make[1]: *** [xgpiops_g.o] Error 1
make[1]: arm-xilinx-eabi-gcc: No such file or directory
make[1]: *** [xgpiops_hw.o] Error 1
make[1]: arm-xilinx-eabi-gcc: No such file or directory
make[1]: *** [xgpiops_intr.o] Error 1
make[1]: arm-xilinx-eabi-gcc: No such file or directory
make[1]: *** [xgpiops_selftest.o] Error 1
make[1]: arm-xilinx-eabi-gcc: No such file or directory
make[1]: *** [xgpiops_sinit.o] Error 1
Running Make libs in ps7_cortexa9_0/libsrc/iicps_v3_0/src
/Applications/Xcode.app/Contents/Developer/usr/bin/make -C ps7_cortexa9_0/libsrc/iicps_v3_0/src -s libs  "SHELL=/bin/sh" "COMPILER=arm-xilinx-eabi-gcc" "ARCHIVER=arm-xilinx-eabi-ar" "COMPILER_FLAGS=  -O2 -c" "EXTRA_COMPILER_FLAGS=-g"
make[1]: Target `libs' not remade because of errors.
make: *** [ps7_cortexa9_0/libsrc/gpiops_v3_1/src/make.libs] Error 2
Compiling iicps
make[1]: arm-xilinx-eabi-gcc: No such file or directory
make[1]: *** [xiicps.o] Error 1
make[1]: arm-xilinx-eabi-gcc: No such file or directory
make[1]: *** [xiicps_g.o] Error 1
make[1]: arm-xilinx-eabi-gcc: No such file or directory
make[1]: *** [xiicps_hw.o] Error 1
make[1]: arm-xilinx-eabi-gcc: No such file or directory
make[1]: *** [xiicps_intr.o] Error 1
make[1]: arm-xilinx-eabi-gcc: No such file or directory
make[1]: *** [xiicps_master.o] Error 1
make[1]: arm-xilinx-eabi-gcc: No such file or directory
make[1]: *** [xiicps_options.o] Error 1
make[1]: arm-xilinx-eabi-gcc: No such file or directory
make[1]: *** [xiicps_selftest.o] Error 1
make[1]: arm-xilinx-eabi-gcc: No such file or directory
make[1]: *** [xiicps_sinit.o] Error 1
make[1]: arm-xilinx-eabi-gcc: No such file or directory
make[1]: *** [xiicps_slave.o] Error 1
make[1]: Target `libs' not remade because of errors.
make: *** [ps7_cortexa9_0/libsrc/iicps_v3_0/src/make.libs] Error 2
Running Make libs in ps7_cortexa9_0/libsrc/llfifo_v4_0/src
/bin/sh: arm-xilinx-eabi-gcc: command not found
make[1]: *** [libs] Error 127
/Applications/Xcode.app/Contents/Developer/usr/bin/make -C ps7_cortexa9_0/libsrc/llfifo_v4_0/src -s libs  "SHELL=/bin/sh" "COMPILER=arm-xilinx-eabi-gcc" "ARCHIVER=arm-xilinx-eabi-ar" "COMPILER_FLAGS=  -O2 -c" "EXTRA_COMPILER_FLAGS=-g"
Compiling llfifo
make: *** [ps7_cortexa9_0/libsrc/llfifo_v4_0/src/make.libs] Error 2
Running Make libs in ps7_cortexa9_0/libsrc/qspips_v3_2/src
/Applications/Xcode.app/Contents/Developer/usr/bin/make -C ps7_cortexa9_0/libsrc/qspips_v3_2/src -s libs  "SHELL=/bin/sh" "COMPILER=arm-xilinx-eabi-gcc" "ARCHIVER=arm-xilinx-eabi-ar" "COMPILER_FLAGS=  -O2 -c" "EXTRA_COMPILER_FLAGS=-g"
make[1]: arm-xilinx-eabi-gcc: No such file or directory
make[1]: *** [xqspips.o] Error 1
Compiling qspips
make[1]: arm-xilinx-eabi-gcc: No such file or directory
make[1]: *** [xqspips_g.o] Error 1
make[1]: arm-xilinx-eabi-gcc: No such file or directory
make[1]: *** [xqspips_hw.o] Error 1
Running Make libs in ps7_cortexa9_0/libsrc/scugic_v3_1/src
make[1]: arm-xilinx-eabi-gcc: No such file or directory
make[1]: *** [xqspips_options.o] Error 1
make[1]: arm-xilinx-eabi-gcc: No such file or directory
/Applications/Xcode.app/Contents/Developer/usr/bin/make -C ps7_cortexa9_0/libsrc/scugic_v3_1/src -s libs  "SHELL=/bin/sh" "COMPILER=arm-xilinx-eabi-gcc" "ARCHIVER=arm-xilinx-eabi-ar" "COMPILER_FLAGS=  -O2 -c" "EXTRA_COMPILER_FLAGS=-g"
Compiling scugic
make[1]: *** [xqspips_selftest.o] Error 1
make[1]: arm-xilinx-eabi-gcc: No such file or directory
make[1]: *** [xqspips_sinit.o] Error 1
make[1]: Target `libs' not remade because of errors.
make: *** [ps7_cortexa9_0/libsrc/qspips_v3_2/src/make.libs] Error 2
make[1]: arm-xilinx-eabi-gcc: No such file or directory
make[1]: *** [xscugic.o] Error 1
make[1]: arm-xilinx-eabi-gcc: No such file or directory
make[1]: *** [xscugic_g.o] Error 1
make[1]: arm-xilinx-eabi-gcc: No such file or directory
make[1]: *** [xscugic_hw.o] Error 1
make[1]: arm-xilinx-eabi-gcc: No such file or directory
make[1]: *** [xscugic_intr.o] Error 1
make[1]: arm-xilinx-eabi-gcc: No such file or directory
[...]
Compiling devcfg
make[1]: arm-xilinx-eabi-gcc: No such file or directory
make[1]: *** [xdevcfg.o] Error 1
make[1]: arm-xilinx-eabi-gcc: No such file or directory
make[1]: *** [xdevcfg_g.o] Error 1
make[1]: arm-xilinx-eabi-gcc: No such file or directory
make[1]: *** [xdevcfg_hw.o] Error 1
make[1]: arm-xilinx-eabi-gcc: No such file or directory
make[1]: *** [xdevcfg_intr.o] Error 1
make[1]: arm-xilinx-eabi-gcc: No such file or directory
make[1]: *** [xdevcfg_selftest.o] Error 1
make[1]: arm-xilinx-eabi-gcc: No such file or directory
make[1]: *** [xdevcfg_sinit.o] Error 1
make[1]: Target `libs' not remade because of errors.
make: *** [ps7_cortexa9_0/libsrc/devcfg_v3_3/src/make.libs] Error 2
Running Make libs in ps7_cortexa9_0/libsrc/dmaps_v2_1/src
/Applications/Xcode.app/Contents/Developer/usr/bin/make -C ps7_cortexa9_0/libsrc/dmaps_v2_1/src -s libs  "SHELL=/bin/sh" "COMPILER=arm-xilinx-eabi-gcc" "ARCHIVER=arm-xilinx-eabi-ar" "COMPILER_FLAGS=  -O2 -c" "EXTRA_COMPILER_FLAGS=-g"
Compiling dmaps
make[1]: arm-xilinx-eabi-gcc: No such file or directory
make[1]: *** [xdmaps.o] Error 1
make[1]: arm-xilinx-eabi-gcc: No such file or directory
make[1]: *** [xdmaps_g.o] Error 1
make[1]: arm-xilinx-eabi-gcc: No such file or directory
make[1]: *** [xdmaps_hw.o] Error 1
make[1]: arm-xilinx-eabi-gcc: No such file or directory
make[1]: *** [xdmaps_selftest.o] Error 1
make[1]: arm-xilinx-eabi-gcc: No such file or directory
make[1]: *** [xdmaps_sinit.o] Error 1
make[1]: Target `libs' not remade because of errors.
make: *** [ps7_cortexa9_0/libsrc/dmaps_v2_1/src/make.libs] Error 2
Running Make libs in ps7_cortexa9_0/libsrc/emacps_v3_1/src
/Applications/Xcode.app/Contents/Developer/usr/bin/make -C ps7_cortexa9_0/libsrc/emacps_v3_1/src -s libs  "SHELL=/bin/sh" "COMPILER=arm-xilinx-eabi-gcc" "ARCHIVER=arm-xilinx-eabi-ar" "COMPILER_FLAGS=  -O2 -c" "EXTRA_COMPILER_FLAGS=-g"
Compiling emacps
make[1]: arm-xilinx-eabi-gcc: No such file or directory
make[1]: *** [xemacps.o] Error 1
make[1]: arm-xilinx-eabi-gcc: No such file or directory
make[1]: *** [xemacps_bdring.o] Error 1
make[1]: arm-xilinx-eabi-gcc: No such file or directory
make[1]: *** [xemacps_control.o] Error 1
make[1]: arm-xilinx-eabi-gcc: No such file or directory
make[1]: *** [xemacps_g.o] Error 1
make[1]: arm-xilinx-eabi-gcc: No such file or directory
make[1]: *** [xemacps_hw.o] Error 1
make[1]: arm-xilinx-eabi-gcc: No such file or directory
make[1]: *** [xemacps_intr.o] Error 1
make[1]: arm-xilinx-eabi-gcc: No such file or directory
make[1]: *** [xemacps_sinit.o] Error 1
make[1]: Target `libs' not remade because of errors.
make: *** [ps7_cortexa9_0/libsrc/emacps_v3_1/src/make.libs] Error 2
Running Make libs in ps7_cortexa9_0/libsrc/freertos823_xilinx_v1_0/src
/Applications/Xcode.app/Contents/Developer/usr/bin/make -C ps7_cortexa9_0/libsrc/freertos823_xilinx_v1_0/src -s libs  "SHELL=/bin/sh" "COMPILER=arm-xilinx-eabi-gcc" "ARCHIVER=arm-xilinx-eabi-ar" "COMPILER_FLAGS=  -O2 -c" "EXTRA_COMPILER_FLAGS=-g"
Compiling standalone
make[2]: arm-xilinx-eabi-gcc: No such file or directory
make[2]: *** [standalone_libs] Error 1
make[2]: Target `libs' not remade because of errors.
make[1]: *** [libs] Error 2
make: *** [ps7_cortexa9_0/libsrc/freertos823_xilinx_v1_0/src/make.libs] Error 2
Running Make libs in ps7_cortexa9_0/libsrc/gpiops_v3_1/src
/Applications/Xcode.app/Contents/Developer/usr/bin/make -C ps7_cortexa9_0/libsrc/gpiops_v3_1/src -s libs  "SHELL=/bin/sh" "COMPILER=arm-xilinx-eabi-gcc" "ARCHIVER=arm-xilinx-eabi-ar" "COMPILER_FLAGS=  -O2 -c" "EXTRA_COMPILER_FLAGS=-g"
Compiling gpiops
make[1]: arm-xilinx-eabi-gcc: No such file or directory
make[1]: *** [xgpiops.o] Error 1
make[1]: arm-xilinx-eabi-gcc: No such file or directory
make[1]: *** [xgpiops_g.o] Error 1
make[1]: arm-xilinx-eabi-gcc: No such file or directory
make[1]: *** [xgpiops_hw.o] Error 1
make[1]: arm-xilinx-eabi-gcc: No such file or directory
make[1]: *** [xgpiops_intr.o] Error 1
make[1]: arm-xilinx-eabi-gcc: No such file or directory
make[1]: *** [xgpiops_selftest.o] Error 1
make[1]: arm-xilinx-eabi-gcc: No such file or directory
make[1]: *** [xgpiops_sinit.o] Error 1
make[1]: Target `libs' not remade because of errors.
make: *** [ps7_cortexa9_0/libsrc/gpiops_v3_1/src/make.libs] Error 2
Running Make libs in ps7_cortexa9_0/libsrc/iicps_v3_0/src
/Applications/Xcode.app/Contents/Developer/usr/bin/make -C ps7_cortexa9_0/libsrc/iicps_v3_0/src -s libs  "SHELL=/bin/sh" "COMPILER=arm-xilinx-eabi-gcc" "ARCHIVER=arm-xilinx-eabi-ar" "COMPILER_FLAGS=  -O2 -c" "EXTRA_COMPILER_FLAGS=-g"
Compiling iicps
make[1]: arm-xilinx-eabi-gcc: No such file or directory
make[1]: *** [xiicps.o] Error 1
make[1]: arm-xilinx-eabi-gcc: No such file or directory
make[1]: *** [xiicps_g.o] Error 1
make[1]: arm-xilinx-eabi-gcc: No such file or directory
make[1]: *** [xiicps_hw.o] Error 1
make[1]: arm-xilinx-eabi-gcc: No such file or directory
make[1]: *** [xiicps_intr.o] Error 1
make[1]: arm-xilinx-eabi-gcc: No such file or directory
make[1]: *** [xiicps_master.o] Error 1
make[1]: arm-xilinx-eabi-gcc: No such file or directory
make[1]: *** [xiicps_options.o] Error 1
make[1]: arm-xilinx-eabi-gcc: No such file or directory
make[1]: *** [xiicps_selftest.o] Error 1
make[1]: arm-xilinx-eabi-gcc: No such file or directory
make[1]: *** [xiicps_sinit.o] Error 1
make[1]: arm-xilinx-eabi-gcc: No such file or directory
make[1]: *** [xiicps_slave.o] Error 1
make[1]: Target `libs' not remade because of errors.
make: *** [ps7_cortexa9_0/libsrc/iicps_v3_0/src/make.libs] Error 2
Running Make libs in ps7_cortexa9_0/libsrc/llfifo_v4_0/src
/Applications/Xcode.app/Contents/Developer/usr/bin/make -C ps7_cortexa9_0/libsrc/llfifo_v4_0/src -s libs  "SHELL=/bin/sh" "COMPILER=arm-xilinx-eabi-gcc" "ARCHIVER=arm-xilinx-eabi-ar" "COMPILER_FLAGS=  -O2 -c" "EXTRA_COMPILER_FLAGS=-g"
Compiling llfifo
/bin/sh: arm-xilinx-eabi-gcc: command not found
make[1]: *** [libs] Error 127
make: *** [ps7_cortexa9_0/libsrc/llfifo_v4_0/src/make.libs] Error 2
Running Make libs in ps7_cortexa9_0/libsrc/qspips_v3_2/src
/Applications/Xcode.app/Contents/Developer/usr/bin/make -C ps7_cortexa9_0/libsrc/qspips_v3_2/src -s libs  "SHELL=/bin/sh" "COMPILER=arm-xilinx-eabi-gcc" "ARCHIVER=arm-xilinx-eabi-ar" "COMPILER_FLAGS=  -O2 -c" "EXTRA_COMPILER_FLAGS=-g"
Compiling qspips
make[1]: arm-xilinx-eabi-gcc: No such file or directory
make[1]: *** [xqspips.o] Error 1
make[1]: arm-xilinx-eabi-gcc: No such file or directory
make[1]: *** [xqspips_g.o] Error 1
make[1]: arm-xilinx-eabi-gcc: No such file or directory
make[1]: *** [xqspips_hw.o] Error 1
make[1]: arm-xilinx-eabi-gcc: No such file or directory
make[1]: *** [xqspips_options.o] Error 1
make[1]: arm-xilinx-eabi-gcc: No such file or directory
make[1]: *** [xqspips_selftest.o] Error 1
make[1]: arm-xilinx-eabi-gcc: No such file or directory
make[1]: *** [xqspips_sinit.o] Error 1
make[1]: Target `libs' not remade because of errors.
make: *** [ps7_cortexa9_0/libsrc/qspips_v3_2/src/make.libs] Error 2
Running Make libs in ps7_cortexa9_0/libsrc/scugic_v3_1/src
/Applications/Xcode.app/Contents/Developer/usr/bin/make -C ps7_cortexa9_0/libsrc/scugic_v3_1/src -s libs  "SHELL=/bin/sh" "COMPILER=arm-xilinx-eabi-gcc" "ARCHIVER=arm-xilinx-eabi-ar" "COMPILER_FLAGS=  -O2 -c" "EXTRA_COMPILER_FLAGS=-g"
Compiling scugic
make[1]: arm-xilinx-eabi-gcc: No such file or directory
make[1]: *** [xscugic.o] Error 1
make[1]: arm-xilinx-eabi-gcc: No such file or directory
make[1]: *** [xscugic_g.o] Error 1
make[1]: arm-xilinx-eabi-gcc: No such file or directory
make[1]: *** [xscugic_hw.o] Error 1
make[1]: arm-xilinx-eabi-gcc: No such file or directory
make[1]: *** [xscugic_intr.o] Error 1
make[1]: arm-xilinx-eabi-gcc: No such file or directory
make[1]: *** [xscugic_selftest.o] Error 1
make[1]: arm-xilinx-eabi-gcc: No such file or directory
make[1]: *** [xscugic_sinit.o] Error 1
make[1]: Target `libs' not remade because of errors.
make: *** [ps7_cortexa9_0/libsrc/scugic_v3_1/src/make.libs] Error 2
Running Make libs in ps7_cortexa9_0/libsrc/scutimer_v2_1/src
/Applications/Xcode.app/Contents/Developer/usr/bin/make -C ps7_cortexa9_0/libsrc/scutimer_v2_1/src -s libs  "SHELL=/bin/sh" "COMPILER=arm-xilinx-eabi-gcc" "ARCHIVER=arm-xilinx-eabi-ar" "COMPILER_FLAGS=  -O2 -c" "EXTRA_COMPILER_FLAGS=-g"
Compiling scutimer
make[1]: arm-xilinx-eabi-gcc: No such file or directory
make[1]: *** [xscutimer.o] Error 1
make[1]: arm-xilinx-eabi-gcc: No such file or directory
make[1]: *** [xscutimer_g.o] Error 1
make[1]: arm-xilinx-eabi-gcc: No such file or directory
make[1]: *** [xscutimer_selftest.o] Error 1
make[1]: arm-xilinx-eabi-gcc: No such file or directory
make[1]: *** [xscutimer_sinit.o] Error 1
make[1]: Target `libs' not remade because of errors.
make: *** [ps7_cortexa9_0/libsrc/scutimer_v2_1/src/make.libs] Error 2
Running Make libs in ps7_cortexa9_0/libsrc/scuwdt_v2_1/src
/Applications/Xcode.app/Contents/Developer/usr/bin/make -C ps7_cortexa9_0/libsrc/scuwdt_v2_1/src -s libs  "SHELL=/bin/sh" "COMPILER=arm-xilinx-eabi-gcc" "ARCHIVER=arm-xilinx-eabi-ar" "COMPILER_FLAGS=  -O2 -c" "EXTRA_COMPILER_FLAGS=-g"
Compiling scuwdt
make[1]: arm-xilinx-eabi-gcc: No such file or directory
make[1]: *** [xscuwdt.o] Error 1
make[1]: arm-xilinx-eabi-gcc: No such file or directory
make[1]: *** [xscuwdt_g.o] Error 1
make[1]: arm-xilinx-eabi-gcc: No such file or directory
make[1]: *** [xscuwdt_selftest.o] Error 1
make[1]: arm-xilinx-eabi-gcc: No such file or directory
make[1]: *** [xscuwdt_sinit.o] Error 1
make[1]: Target `libs' not remade because of errors.
make: *** [ps7_cortexa9_0/libsrc/scuwdt_v2_1/src/make.libs] Error 2
Running Make libs in ps7_cortexa9_0/libsrc/sdps_v2_6/src
/Applications/Xcode.app/Contents/Developer/usr/bin/make -C ps7_cortexa9_0/libsrc/sdps_v2_6/src -s libs  "SHELL=/bin/sh" "COMPILER=arm-xilinx-eabi-gcc" "ARCHIVER=arm-xilinx-eabi-ar" "COMPILER_FLAGS=  -O2 -c" "EXTRA_COMPILER_FLAGS=-g"
Compiling sdps
make[1]: arm-xilinx-eabi-gcc: No such file or directory
make[1]: *** [xsdps.o] Error 1
make[1]: arm-xilinx-eabi-gcc: No such file or directory
make[1]: *** [xsdps_g.o] Error 1
make[1]: arm-xilinx-eabi-gcc: No such file or directory
make[1]: *** [xsdps_options.o] Error 1
make[1]: arm-xilinx-eabi-gcc: No such file or directory
make[1]: *** [xsdps_sinit.o] Error 1
make[1]: Target `libs' not remade because of errors.
make: *** [ps7_cortexa9_0/libsrc/sdps_v2_6/src/make.libs] Error 2
Running Make libs in ps7_cortexa9_0/libsrc/spips_v3_0/src
/Applications/Xcode.app/Contents/Developer/usr/bin/make -C ps7_cortexa9_0/libsrc/spips_v3_0/src -s libs  "SHELL=/bin/sh" "COMPILER=arm-xilinx-eabi-gcc" "ARCHIVER=arm-xilinx-eabi-ar" "COMPILER_FLAGS=  -O2 -c" "EXTRA_COMPILER_FLAGS=-g"
Compiling spips
make[1]: arm-xilinx-eabi-gcc: No such file or directory
make[1]: *** [xspips.o] Error 1
make[1]: arm-xilinx-eabi-gcc: No such file or directory
make[1]: *** [xspips_g.o] Error 1
make[1]: arm-xilinx-eabi-gcc: No such file or directory
make[1]: *** [xspips_hw.o] Error 1
make[1]: arm-xilinx-eabi-gcc: No such file or directory
make[1]: *** [xspips_options.o] Error 1
make[1]: arm-xilinx-eabi-gcc: No such file or directory
make[1]: *** [xspips_selftest.o] Error 1
make[1]: arm-xilinx-eabi-gcc: No such file or directory
make[1]: *** [xspips_sinit.o] Error 1
make[1]: Target `libs' not remade because of errors.
make: *** [ps7_cortexa9_0/libsrc/spips_v3_0/src/make.libs] Error 2
Running Make libs in ps7_cortexa9_0/libsrc/sysmon_v7_1/src
/Applications/Xcode.app/Contents/Developer/usr/bin/make -C ps7_cortexa9_0/libsrc/sysmon_v7_1/src -s libs  "SHELL=/bin/sh" "COMPILER=arm-xilinx-eabi-gcc" "ARCHIVER=arm-xilinx-eabi-ar" "COMPILER_FLAGS=  -O2 -c" "EXTRA_COMPILER_FLAGS=-g"
Compiling sysmon
/bin/sh: arm-xilinx-eabi-gcc: command not found
make[1]: *** [libs] Error 127
make: *** [ps7_cortexa9_0/libsrc/sysmon_v7_1/src/make.libs] Error 2
Running Make libs in ps7_cortexa9_0/libsrc/ttcps_v3_0/src
/Applications/Xcode.app/Contents/Developer/usr/bin/make -C ps7_cortexa9_0/libsrc/ttcps_v3_0/src -s libs  "SHELL=/bin/sh" "COMPILER=arm-xilinx-eabi-gcc" "ARCHIVER=arm-xilinx-eabi-ar" "COMPILER_FLAGS=  -O2 -c" "EXTRA_COMPILER_FLAGS=-g"
Compiling ttcps
make[1]: arm-xilinx-eabi-gcc: No such file or directory
make[1]: *** [xttcps.o] Error 1
make[1]: arm-xilinx-eabi-gcc: No such file or directory
make[1]: *** [xttcps_g.o] Error 1
make[1]: arm-xilinx-eabi-gcc: No such file or directory
make[1]: *** [xttcps_options.o] Error 1
make[1]: arm-xilinx-eabi-gcc: No such file or directory
make[1]: *** [xttcps_selftest.o] Error 1
make[1]: arm-xilinx-eabi-gcc: No such file or directory
make[1]: *** [xttcps_sinit.o] Error 1
make[1]: Target `libs' not remade because of errors.
make: *** [ps7_cortexa9_0/libsrc/ttcps_v3_0/src/make.libs] Error 2
Running Make libs in ps7_cortexa9_0/libsrc/uartps_v3_1/src
/Applications/Xcode.app/Contents/Developer/usr/bin/make -C ps7_cortexa9_0/libsrc/uartps_v3_1/src -s libs  "SHELL=/bin/sh" "COMPILER=arm-xilinx-eabi-gcc" "ARCHIVER=arm-xilinx-eabi-ar" "COMPILER_FLAGS=  -O2 -c" "EXTRA_COMPILER_FLAGS=-g"
Compiling uartps
make[1]: arm-xilinx-eabi-gcc: No such file or directory
make[1]: *** [xuartps.o] Error 1
make[1]: arm-xilinx-eabi-gcc: No such file or directory
make[1]: *** [xuartps_g.o] Error 1
make[1]: arm-xilinx-eabi-gcc: No such file or directory
make[1]: *** [xuartps_hw.o] Error 1
make[1]: arm-xilinx-eabi-gcc: No such file or directory
make[1]: *** [xuartps_intr.o] Error 1
make[1]: arm-xilinx-eabi-gcc: No such file or directory
make[1]: *** [xuartps_options.o] Error 1
make[1]: arm-xilinx-eabi-gcc: No such file or directory
make[1]: *** [xuartps_selftest.o] Error 1
make[1]: arm-xilinx-eabi-gcc: No such file or directory
make[1]: *** [xuartps_sinit.o] Error 1
make[1]: Target `libs' not remade because of errors.
make: *** [ps7_cortexa9_0/libsrc/uartps_v3_1/src/make.libs] Error 2
Running Make libs in ps7_cortexa9_0/libsrc/usbps_v2_2/src
/Applications/Xcode.app/Contents/Developer/usr/bin/make -C ps7_cortexa9_0/libsrc/usbps_v2_2/src -s libs  "SHELL=/bin/sh" "COMPILER=arm-xilinx-eabi-gcc" "ARCHIVER=arm-xilinx-eabi-ar" "COMPILER_FLAGS=  -O2 -c" "EXTRA_COMPILER_FLAGS=-g"
Compiling usbps
make[1]: arm-xilinx-eabi-gcc: No such file or directory
make[1]: *** [xusbps.o] Error 1
make[1]: arm-xilinx-eabi-gcc: No such file or directory
make[1]: *** [xusbps_endpoint.o] Error 1
make[1]: arm-xilinx-eabi-gcc: No such file or directory
make[1]: *** [xusbps_g.o] Error 1
make[1]: arm-xilinx-eabi-gcc: No such file or directory
make[1]: *** [xusbps_hw.o] Error 1
make[1]: arm-xilinx-eabi-gcc: No such file or directory
make[1]: *** [xusbps_intr.o] Error 1
make[1]: arm-xilinx-eabi-gcc: No such file or directory
make[1]: *** [xusbps_sinit.o] Error 1
make[1]: Target `libs' not remade because of errors.
make: *** [ps7_cortexa9_0/libsrc/usbps_v2_2/src/make.libs] Error 2
Running Make libs in ps7_cortexa9_0/libsrc/xadcps_v2_2/src
/Applications/Xcode.app/Contents/Developer/usr/bin/make -C ps7_cortexa9_0/libsrc/xadcps_v2_2/src -s libs  "SHELL=/bin/sh" "COMPILER=arm-xilinx-eabi-gcc" "ARCHIVER=arm-xilinx-eabi-ar" "COMPILER_FLAGS=  -O2 -c" "EXTRA_COMPILER_FLAGS=-g"
Compiling xadcps
make[1]: arm-xilinx-eabi-gcc: No such file or directory
make[1]: *** [xadcps.o] Error 1
make[1]: arm-xilinx-eabi-gcc: No such file or directory
make[1]: *** [xadcps_g.o] Error 1
make[1]: arm-xilinx-eabi-gcc: No such file or directory
make[1]: *** [xadcps_intr.o] Error 1
make[1]: arm-xilinx-eabi-gcc: No such file or directory
make[1]: *** [xadcps_selftest.o] Error 1
make[1]: arm-xilinx-eabi-gcc: No such file or directory
make[1]: *** [xadcps_sinit.o] Error 1
make[1]: Target `libs' not remade because of errors.
make: *** [ps7_cortexa9_0/libsrc/xadcps_v2_2/src/make.libs] Error 2
make: Target `all' not remade because of errors.

****  of configuration Debug for project freeRTOS_Audio_Reference_Proj ****

Nothing to build for project freeRTOS_Audio_Reference_Proj

****  of configuration Debug for project freeRTOS_OLED_Reference_Proj ****

Nothing to build for project freeRTOS_OLED_Reference_Proj

****  of configuration Debug for project freeRTOS_Audio_Reference_Proj ****

Nothing to build for project freeRTOS_Audio_Reference_Proj

****  of configuration Debug for project freeRTOS_OLED_Reference_Proj ****

Nothing to build for project freeRTOS_OLED_Reference_Proj

****  of configuration Debug for project freeRTOS_Audio_Reference_Proj ****

Nothing to build for project freeRTOS_Audio_Reference_Proj

****  of configuration Debug for project freeRTOS_OLED_Reference_Proj ****

Nothing to build for project freeRTOS_OLED_Reference_Proj

****  of configuration Debug for project freeRTOS_OLED_Reference_Proj ****

Nothing to build for project freeRTOS_OLED_Reference_Proj

****  of configuration Debug for project freeRTOS_OLED_Reference_Proj ****

Nothing to build for project freeRTOS_OLED_Reference_Proj

****  of configuration Debug for project freeRTOS_OLED_Reference_Proj ****

Nothing to build for project freeRTOS_OLED_Reference_Proj

****  of configuration Debug for project freeRTOS_OLED_Reference_Proj ****

Nothing to build for project freeRTOS_OLED_Reference_Proj

****  of configuration Debug for project freeRTOS_OLED_Reference_Proj ****

Nothing to build for project freeRTOS_OLED_Reference_Proj

****  of configuration Debug for project freeRTOS_OLED_Reference_Proj ****

Nothing to build for project freeRTOS_OLED_Reference_Proj

****  of configuration Debug for project freeRTOS_OLED_Reference_Proj ****

Nothing to build for project freeRTOS_OLED_Reference_Proj

****  of configuration Debug for project freeRTOS_OLED_Reference_Proj ****

Nothing to build for project freeRTOS_OLED_Reference_Proj

****  of configuration Debug for project freeRTOS_OLED_Reference_Proj ****

Nothing to build for project freeRTOS_OLED_Reference_Proj

****  of configuration Debug for project freeRTOS_OLED_Reference_Proj ****

Nothing to build for project freeRTOS_OLED_Reference_Proj

****  of configuration Debug for project freeRTOS_OLED_Reference_Proj ****

Nothing to build for project freeRTOS_OLED_Reference_Proj

****  of configuration Debug for project freeRTOS_OLED_Reference_Proj ****

Nothing to build for project freeRTOS_OLED_Reference_Proj

****  of configuration Debug for project freeRTOS_OLED_Reference_Proj ****

Nothing to build for project freeRTOS_OLED_Reference_Proj

****  of configuration Debug for project freeRTOS_OLED_Reference_Proj ****

Nothing to build for project freeRTOS_OLED_Reference_Proj

****  of configuration Debug for project freeRTOS_OLED_Reference_Proj ****

Nothing to build for project freeRTOS_OLED_Reference_Proj

****  of configuration Debug for project freeRTOS_OLED_Reference_Proj ****

Nothing to build for project freeRTOS_OLED_Reference_Proj

****  of configuration Debug for project freeRTOS_OLED_Reference_Proj ****

Nothing to build for project freeRTOS_OLED_Reference_Proj

****  of configuration Debug for project freeRTOS_OLED_Reference_Proj ****

Nothing to build for project freeRTOS_OLED_Reference_Proj

****  of configuration Debug for project freeRTOS_OLED_Reference_Proj ****

Nothing to build for project freeRTOS_OLED_Reference_Proj

****  of configuration Debug for project freeRTOS_OLED_Reference_Proj ****

Nothing to build for project freeRTOS_OLED_Reference_Proj

****  of configuration Debug for project freeRTOS_OLED_Reference_Proj ****

Nothing to build for project freeRTOS_OLED_Reference_Proj

****  of configuration Debug for project freeRTOS_OLED_Reference_Proj ****

Nothing to build for project freeRTOS_OLED_Reference_Proj

****  of configuration Debug for project freeRTOS_OLED_Reference_Proj ****

Nothing to build for project freeRTOS_OLED_Reference_Proj

****  of configuration Debug for project freeRTOS_OLED_Reference_Proj ****

Nothing to build for project freeRTOS_OLED_Reference_Proj
